Archive member included to satisfy reference by file (symbol)

c:/program files (x86)/gnu tools arm embedded/9 2019-q4-major/bin/../lib/gcc/arm-none-eabi/9.2.1/../../../../arm-none-eabi/lib/thumb/v7e-m+fp/hard\libc_nano.a(lib_a-exit.o)
                              c:/program files (x86)/gnu tools arm embedded/9 2019-q4-major/bin/../lib/gcc/arm-none-eabi/9.2.1/../../../../arm-none-eabi/lib/thumb/v7e-m+fp/hard/crt0.o (exit)
c:/program files (x86)/gnu tools arm embedded/9 2019-q4-major/bin/../lib/gcc/arm-none-eabi/9.2.1/../../../../arm-none-eabi/lib/thumb/v7e-m+fp/hard\libc_nano.a(lib_a-impure.o)
                              c:/program files (x86)/gnu tools arm embedded/9 2019-q4-major/bin/../lib/gcc/arm-none-eabi/9.2.1/../../../../arm-none-eabi/lib/thumb/v7e-m+fp/hard\libc_nano.a(lib_a-exit.o) (_global_impure_ptr)
c:/program files (x86)/gnu tools arm embedded/9 2019-q4-major/bin/../lib/gcc/arm-none-eabi/9.2.1/../../../../arm-none-eabi/lib/thumb/v7e-m+fp/hard\libc_nano.a(lib_a-init.o)
                              c:/program files (x86)/gnu tools arm embedded/9 2019-q4-major/bin/../lib/gcc/arm-none-eabi/9.2.1/../../../../arm-none-eabi/lib/thumb/v7e-m+fp/hard/crt0.o (__libc_init_array)
c:/program files (x86)/gnu tools arm embedded/9 2019-q4-major/bin/../lib/gcc/arm-none-eabi/9.2.1/../../../../arm-none-eabi/lib/thumb/v7e-m+fp/hard\libc_nano.a(lib_a-memcmp.o)
                              build/iot.o (memcmp)
c:/program files (x86)/gnu tools arm embedded/9 2019-q4-major/bin/../lib/gcc/arm-none-eabi/9.2.1/../../../../arm-none-eabi/lib/thumb/v7e-m+fp/hard\libc_nano.a(lib_a-memcpy-stub.o)
                              build/stm32l4xx_it.o (memcpy)
c:/program files (x86)/gnu tools arm embedded/9 2019-q4-major/bin/../lib/gcc/arm-none-eabi/9.2.1/../../../../arm-none-eabi/lib/thumb/v7e-m+fp/hard\libc_nano.a(lib_a-memset.o)
                              c:/program files (x86)/gnu tools arm embedded/9 2019-q4-major/bin/../lib/gcc/arm-none-eabi/9.2.1/../../../../arm-none-eabi/lib/thumb/v7e-m+fp/hard/crt0.o (memset)
c:/program files (x86)/gnu tools arm embedded/9 2019-q4-major/bin/../lib/gcc/arm-none-eabi/9.2.1/../../../../arm-none-eabi/lib/thumb/v7e-m+fp/hard\libc_nano.a(lib_a-printf.o)
                              build/main.o (printf)
c:/program files (x86)/gnu tools arm embedded/9 2019-q4-major/bin/../lib/gcc/arm-none-eabi/9.2.1/../../../../arm-none-eabi/lib/thumb/v7e-m+fp/hard\libc_nano.a(lib_a-putchar.o)
                              build/ble_e95.o (putchar)
c:/program files (x86)/gnu tools arm embedded/9 2019-q4-major/bin/../lib/gcc/arm-none-eabi/9.2.1/../../../../arm-none-eabi/lib/thumb/v7e-m+fp/hard\libc_nano.a(lib_a-puts.o)
                              build/main.o (puts)
c:/program files (x86)/gnu tools arm embedded/9 2019-q4-major/bin/../lib/gcc/arm-none-eabi/9.2.1/../../../../arm-none-eabi/lib/thumb/v7e-m+fp/hard\libc_nano.a(lib_a-sprintf.o)
                              build/iot.o (sprintf)
c:/program files (x86)/gnu tools arm embedded/9 2019-q4-major/bin/../lib/gcc/arm-none-eabi/9.2.1/../../../../arm-none-eabi/lib/thumb/v7e-m+fp/hard\libc_nano.a(lib_a-strlen.o)
                              build/ble_e95.o (strlen)
c:/program files (x86)/gnu tools arm embedded/9 2019-q4-major/bin/../lib/gcc/arm-none-eabi/9.2.1/../../../../arm-none-eabi/lib/thumb/v7e-m+fp/hard\libc_nano.a(lib_a-strstr.o)
                              build/iot.o (strstr)
c:/program files (x86)/gnu tools arm embedded/9 2019-q4-major/bin/../lib/gcc/arm-none-eabi/9.2.1/../../../../arm-none-eabi/lib/thumb/v7e-m+fp/hard\libc_nano.a(lib_a-wbuf.o)
                              c:/program files (x86)/gnu tools arm embedded/9 2019-q4-major/bin/../lib/gcc/arm-none-eabi/9.2.1/../../../../arm-none-eabi/lib/thumb/v7e-m+fp/hard\libc_nano.a(lib_a-puts.o) (__swbuf_r)
c:/program files (x86)/gnu tools arm embedded/9 2019-q4-major/bin/../lib/gcc/arm-none-eabi/9.2.1/../../../../arm-none-eabi/lib/thumb/v7e-m+fp/hard\libc_nano.a(lib_a-wsetup.o)
                              c:/program files (x86)/gnu tools arm embedded/9 2019-q4-major/bin/../lib/gcc/arm-none-eabi/9.2.1/../../../../arm-none-eabi/lib/thumb/v7e-m+fp/hard\libc_nano.a(lib_a-puts.o) (__swsetup_r)
c:/program files (x86)/gnu tools arm embedded/9 2019-q4-major/bin/../lib/gcc/arm-none-eabi/9.2.1/../../../../arm-none-eabi/lib/thumb/v7e-m+fp/hard\libc_nano.a(lib_a-fflush.o)
                              c:/program files (x86)/gnu tools arm embedded/9 2019-q4-major/bin/../lib/gcc/arm-none-eabi/9.2.1/../../../../arm-none-eabi/lib/thumb/v7e-m+fp/hard\libc_nano.a(lib_a-wbuf.o) (_fflush_r)
c:/program files (x86)/gnu tools arm embedded/9 2019-q4-major/bin/../lib/gcc/arm-none-eabi/9.2.1/../../../../arm-none-eabi/lib/thumb/v7e-m+fp/hard\libc_nano.a(lib_a-findfp.o)
                              c:/program files (x86)/gnu tools arm embedded/9 2019-q4-major/bin/../lib/gcc/arm-none-eabi/9.2.1/../../../../arm-none-eabi/lib/thumb/v7e-m+fp/hard\libc_nano.a(lib_a-printf.o) (__sinit)
[...]
Memory Configuration

Name             Origin             Length             Attributes
RAM              0x20000000         0x00018000         xrw
RAM2             0x10000000         0x00008000         xrw
FLASH            0x08000000         0x00080000         xr
*default*        0x00000000         0xffffffff

Linker script and memory map

LOAD c:/program files (x86)/gnu tools arm embedded/9 2019-q4-major/bin/../lib/gcc/arm-none-eabi/9.2.1/thumb/v7e-m+fp/hard/crti.o
LOAD c:/program files (x86)/gnu tools arm embedded/9 2019-q4-major/bin/../lib/gcc/arm-none-eabi/9.2.1/thumb/v7e-m+fp/hard/crtbegin.o
LOAD c:/program files (x86)/gnu tools arm embedded/9 2019-q4-major/bin/../lib/gcc/arm-none-eabi/9.2.1/../../../../arm-none-eabi/lib/thumb/v7e-m+fp/hard/crt0.o
LOAD build/main.o
LOAD build/gpio.o
LOAD build/adc.o
LOAD build/dma.o
LOAD build/i2c.o
LOAD build/spi.o
LOAD build/sys.o
LOAD build/tim.o
LOAD build/usart.o
LOAD build/stm32l4xx_it.o
LOAD build/stm32l4xx_hal_msp.o
LOAD build/user_gpio.o
LOAD build/ble_e95.o
LOAD build/aes.o
LOAD build/w25q64.o
LOAD build/pcf85263.o
LOAD build/DHT22.o
LOAD build/lis2dh.o
LOAD build/zl_math.o
LOAD build/iot.o
LOAD build/stm32l4xx_hal_adc.o
LOAD build/stm32l4xx_hal_adc_ex.o
LOAD build/stm32l4xx_hal.o
LOAD build/stm32l4xx_hal_i2c.o
LOAD build/stm32l4xx_hal_i2c_ex.o
LOAD build/stm32l4xx_hal_rcc.o
LOAD build/stm32l4xx_hal_rcc_ex.o
LOAD build/stm32l4xx_hal_flash.o
LOAD build/stm32l4xx_hal_flash_ex.o
LOAD build/stm32l4xx_hal_flash_ramfunc.o
LOAD build/stm32l4xx_hal_gpio.o
LOAD build/stm32l4xx_hal_dma.o
LOAD build/stm32l4xx_hal_dma_ex.o
LOAD build/stm32l4xx_hal_pwr.o
LOAD build/stm32l4xx_hal_pwr_ex.o
LOAD build/stm32l4xx_hal_cortex.o
LOAD build/stm32l4xx_hal_exti.o
LOAD build/stm32l4xx_hal_spi.o
LOAD build/stm32l4xx_hal_spi_ex.o
LOAD build/stm32l4xx_hal_tim.o
LOAD build/stm32l4xx_hal_tim_ex.o
LOAD build/stm32l4xx_hal_uart.o
LOAD build/stm32l4xx_hal_uart_ex.o
LOAD build/system_stm32l4xx.o
LOAD build/startup_stm32l471xx.o
LOAD c:/program files (x86)/gnu tools arm embedded/9 2019-q4-major/bin/../lib/gcc/arm-none-eabi/9.2.1/../../../../arm-none-eabi/lib/thumb/v7e-m+fp/hard\libc_nano.a
LOAD c:/program files (x86)/gnu tools arm embedded/9 2019-q4-major/bin/../lib/gcc/arm-none-eabi/9.2.1/../../../../arm-none-eabi/lib/thumb/v7e-m+fp/hard\libm.a
LOAD c:/program files (x86)/gnu tools arm embedded/9 2019-q4-major/bin/../lib/gcc/arm-none-eabi/9.2.1/../../../../arm-none-eabi/lib/thumb/v7e-m+fp/hard\libnosys.a
START GROUP
LOAD c:/program files (x86)/gnu tools arm embedded/9 2019-q4-major/bin/../lib/gcc/arm-none-eabi/9.2.1/thumb/v7e-m+fp/hard\libgcc.a
LOAD c:/program files (x86)/gnu tools arm embedded/9 2019-q4-major/bin/../lib/gcc/arm-none-eabi/9.2.1/../../../../arm-none-eabi/lib/thumb/v7e-m+fp/hard\libc_nano.a
END GROUP
START GROUP
LOAD c:/program files (x86)/gnu tools arm embedded/9 2019-q4-major/bin/../lib/gcc/arm-none-eabi/9.2.1/thumb/v7e-m+fp/hard\libgcc.a
LOAD c:/program files (x86)/gnu tools arm embedded/9 2019-q4-major/bin/../lib/gcc/arm-none-eabi/9.2.1/../../../../arm-none-eabi/lib/thumb/v7e-m+fp/hard\libc_nano.a
END GROUP
LOAD c:/program files (x86)/gnu tools arm embedded/9 2019-q4-major/bin/../lib/gcc/arm-none-eabi/9.2.1/thumb/v7e-m+fp/hard/crtend.o
LOAD c:/program files (x86)/gnu tools arm embedded/9 2019-q4-major/bin/../lib/gcc/arm-none-eabi/9.2.1/thumb/v7e-m+fp/hard/crtn.o
                0x20018000                _estack = 0x20018000
                0x00000200                _Min_Heap_Size = 0x200
                0x00000400                _Min_Stack_Size = 0x400

.isr_vector     0x08000000      0x188
                0x08000000                . = ALIGN (0x8)
 *(.isr_vector)
 .isr_vector    0x08000000      0x188 build/startup_stm32l471xx.o
                0x08000000                g_pfnVectors
                0x08000188                . = ALIGN (0x8)

.text           0x08000190     0xd178
                0x08000190                . = ALIGN (0x8)
 *(.text)
 .text          0x08000190       0x40 c:/program files (x86)/gnu tools arm embedded/9 2019-q4-major/bin/../lib/gcc/arm-none-eabi/9.2.1/thumb/v7e-m+fp/hard/crtbegin.o
 .text          0x080001d0       0x10 c:/program files (x86)/gnu tools arm embedded/9 2019-q4-major/bin/../lib/gcc/arm-none-eabi/9.2.1/../../../../arm-none-eabi/lib/thumb/v7e-m+fp/hard\libc_nano.a(lib_a-strlen.o)
                0x080001d0                strlen
 .text          0x080001e0       0xa0 c:/program files (x86)/gnu tools arm embedded/9 2019-q4-major/bin/../lib/gcc/arm-none-eabi/9.2.1/../../../../arm-none-eabi/lib/thumb/v7e-m+fp/hard\libc_nano.a(lib_a-memchr.o)
                0x080001e0                memchr
 .text          0x08000280      0x378 c:/program files (x86)/gnu tools arm embedded/9 2019-q4-major/bin/../lib/gcc/arm-none-eabi/9.2.1/thumb/v7e-m+fp/hard\libgcc.a(_arm_addsubdf3.o)
                0x08000280                __aeabi_drsub
                0x08000288                __aeabi_dsub
                0x08000288                __subdf3
                0x0800028c                __aeabi_dadd
                0x0800028c                __adddf3
                0x08000504                __floatunsidf
                0x08000504                __aeabi_ui2d
                0x08000524                __floatsidf
                0x08000524                __aeabi_i2d
                0x08000548                __aeabi_f2d
                0x08000548                __extendsfdf2
                0x0800058c                __floatundidf
                0x0800058c                __aeabi_ul2d
                0x0800059c                __floatdidf
                0x0800059c                __aeabi_l2d
 .text          0x080005f8      0x424 c:/program files (x86)/gnu tools arm embedded/9 2019-q4-major/bin/../lib/gcc/arm-none-eabi/9.2.1/thumb/v7e-m+fp/hard\libgcc.a(_arm_muldivdf3.o)
                0x080005f8                __aeabi_dmul
                0x080005f8                __muldf3
                0x0800084c                __divdf3
                0x0800084c                __aeabi_ddiv
 .text          0x08000a1c      0x110 c:/program files (x86)/gnu tools arm embedded/9 2019-q4-major/bin/../lib/gcc/arm-none-eabi/9.2.1/thumb/v7e-m+fp/hard\libgcc.a(_arm_cmpdf2.o)
                0x08000a1c                __gtdf2
                0x08000a1c                __gedf2
                0x08000a24                __ltdf2
                0x08000a24                __ledf2
                0x08000a2c                __nedf2
                0x08000a2c                __eqdf2
                0x08000a2c                __cmpdf2
                0x08000aa8                __aeabi_cdrcmple
                0x08000ab8                __aeabi_cdcmpeq
                0x08000ab8                __aeabi_cdcmple
                0x08000ac8                __aeabi_dcmpeq
                0x08000adc                __aeabi_dcmplt
                0x08000af0                __aeabi_dcmple
                0x08000b04                __aeabi_dcmpge
                0x08000b18                __aeabi_dcmpgt
 .text          0x08000b2c       0x50 c:/program files (x86)/gnu tools arm embedded/9 2019-q4-major/bin/../lib/gcc/arm-none-eabi/9.2.1/thumb/v7e-m+fp/hard\libgcc.a(_arm_fixdfsi.o)
                0x08000b2c                __aeabi_d2iz
                0x08000b2c                __fixdfsi
 .text          0x08000b7c       0xa0 c:/program files (x86)/gnu tools arm embedded/9 2019-q4-major/bin/../lib/gcc/arm-none-eabi/9.2.1/thumb/v7e-m+fp/hard\libgcc.a(_arm_truncdfsf2.o)
                0x08000b7c                __truncdfsf2
                0x08000b7c                __aeabi_d2f
 .text          0x08000c1c       0x30 c:/program files (x86)/gnu tools arm embedded/9 2019-q4-major/bin/../lib/gcc/arm-none-eabi/9.2.1/thumb/v7e-m+fp/hard\libgcc.a(_aeabi_uldivmod.o)
                0x08000c1c                __aeabi_uldivmod
 .text          0x08000c4c      0x2c4 c:/program files (x86)/gnu tools arm embedded/9 2019-q4-major/bin/../lib/gcc/arm-none-eabi/9.2.1/thumb/v7e-m+fp/hard\libgcc.a(_udivmoddi4.o)
                0x08000c4c                __udivmoddi4
 .text          0x08000f10        0x4 c:/program files (x86)/gnu tools arm embedded/9 2019-q4-major/bin/../lib/gcc/arm-none-eabi/9.2.1/thumb/v7e-m+fp/hard\libgcc.a(_dvmd_tls.o)
                0x08000f10                __aeabi_idiv0
                0x08000f10                __aeabi_ldiv0
 *(.text*)
 .text._write   0x08000f14       0x18 build/main.o
                0x08000f14                _write
 .text.low_voltage_check
                0x08000f2c       0x80 build/main.o
                0x08000f2c                low_voltage_check
 .text.iot_http_get_process
                0x08000fac      0x10c build/main.o
                0x08000fac                iot_http_get_process
 .text.SystemClock_Config
                0x080010b8       0xa8 build/main.o
                0x080010b8                SystemClock_Config
 .text.main     0x08001160      0x240 build/main.o
                0x08001160                main
 .text.Error_Handler
                0x080013a0        0x2 build/main.o
                0x080013a0                Error_Handler
 *fill*         0x080013a2        0x2 
 .text.MX_GPIO_Init
                0x080013a4      0x2fc build/gpio.o
                0x080013a4                MX_GPIO_Init
 .text.init_pcf85263_interrupt
                0x080016a0       0x30 build/gpio.o
                0x080016a0                init_pcf85263_interrupt
 .text.MX_ADC3_Init
                0x080016d0       0xb4 build/adc.o
                0x080016d0                MX_ADC3_Init
 .text.HAL_ADC_MspInit
                0x08001784       0x6c build/adc.o
                0x08001784                HAL_ADC_MspInit
 .text.get_adc3_value
                0x080017f0       0xa4 build/adc.o
                0x080017f0                get_adc3_value
 .text.MX_DMA_Init
                0x08001894       0x44 build/dma.o
                0x08001894                MX_DMA_Init
 .text.MX_I2C3_Init
                0x080018d8       0x58 build/i2c.o
                0x080018d8                MX_I2C3_Init
 .text.HAL_I2C_MspInit
                0x08001930       0x6c build/i2c.o
                0x08001930                HAL_I2C_MspInit
 .text.MX_SPI1_Init
                0x0800199c       0x4c build/spi.o
                0x0800199c                MX_SPI1_Init
 .text.HAL_SPI_MspInit
                0x080019e8       0x70 build/spi.o
                0x080019e8                HAL_SPI_MspInit
 .text.MX_TIM6_Init
                0x08001a58       0x50 build/tim.o
                0x08001a58                MX_TIM6_Init
 .text.HAL_TIM_Base_MspInit
                0x08001aa8       0x70 build/tim.o
                0x08001aa8                HAL_TIM_Base_MspInit
 .text.HAL_TIM_MspPostInit
                0x08001b18       0x58 build/tim.o
                0x08001b18                HAL_TIM_MspPostInit
 .text.MX_TIM5_Init
                0x08001b70       0xb0 build/tim.o
                0x08001b70                MX_TIM5_Init
 .text.USER_PWM_SetDutyRatio
                0x08001c20       0x28 build/tim.o
                0x08001c20                USER_PWM_SetDutyRatio
 .text.start_pwm_buzzer
                0x08001c48       0x1c build/tim.o
                0x08001c48                start_pwm_buzzer
 .text.stop_pwm_buzzer
                0x08001c64       0x10 build/tim.o
                0x08001c64                stop_pwm_buzzer
 .text.HAL_TIM_PeriodElapsedCallback
                0x08001c74      0x278 build/tim.o
                0x08001c74                HAL_TIM_PeriodElapsedCallback
 .text.MX_UART5_Init
                0x08001eec       0x38 build/usart.o
                0x08001eec                MX_UART5_Init
 .text.MX_USART2_UART_Init
                0x08001f24       0x38 build/usart.o
                0x08001f24                MX_USART2_UART_Init
 .text.MX_LPUART1_UART_Init
                0x08001f5c       0x38 build/usart.o
                0x08001f5c                MX_LPUART1_UART_Init
 .text.HAL_UART_MspInit
                0x08001f94      0x190 build/usart.o
                0x08001f94                HAL_UART_MspInit
 .text.NMI_Handler
                0x08002124        0x2 build/stm32l4xx_it.o
                0x08002124                NMI_Handler
 .text.HardFault_Handler
                0x08002126        0x2 build/stm32l4xx_it.o
                0x08002126                HardFault_Handler
 .text.MemManage_Handler
                0x08002128        0x2 build/stm32l4xx_it.o
                0x08002128                MemManage_Handler
 .text.BusFault_Handler
                0x0800212a        0x2 build/stm32l4xx_it.o
                0x0800212a                BusFault_Handler
 .text.UsageFault_Handler
                0x0800212c        0x2 build/stm32l4xx_it.o
                0x0800212c                UsageFault_Handler
 .text.SVC_Handler
                0x0800212e        0x2 build/stm32l4xx_it.o
                0x0800212e                SVC_Handler
 .text.DebugMon_Handler
                0x08002130        0x2 build/stm32l4xx_it.o
                0x08002130                DebugMon_Handler
 .text.PendSV_Handler
                0x08002132        0x2 build/stm32l4xx_it.o
                0x08002132                PendSV_Handler
 .text.SysTick_Handler
                0x08002134        0x8 build/stm32l4xx_it.o
                0x08002134                SysTick_Handler
 .text.EXTI0_IRQHandler
                0x0800213c        0xa build/stm32l4xx_it.o
                0x0800213c                EXTI0_IRQHandler
 .text.EXTI2_IRQHandler
                0x08002146        0xa build/stm32l4xx_it.o
                0x08002146                EXTI2_IRQHandler
 .text.EXTI3_IRQHandler
                0x08002150        0xa build/stm32l4xx_it.o
                0x08002150                EXTI3_IRQHandler
 *fill*         0x0800215a        0x2 
 .text.DMA2_Channel7_IRQHandler
                0x0800215c       0x10 build/stm32l4xx_it.o
                0x0800215c                DMA2_Channel7_IRQHandler
 .text.EXTI9_5_IRQHandler
                0x0800216c       0x12 build/stm32l4xx_it.o
                0x0800216c                EXTI9_5_IRQHandler
 *fill*         0x0800217e        0x2 
 .text.TIM5_IRQHandler
                0x08002180       0x10 build/stm32l4xx_it.o
                0x08002180                TIM5_IRQHandler
 .text.UART5_IRQHandler
                0x08002190       0x10 build/stm32l4xx_it.o
                0x08002190                UART5_IRQHandler
 .text.TIM6_DAC_IRQHandler
                0x080021a0       0x10 build/stm32l4xx_it.o
                0x080021a0                TIM6_DAC_IRQHandler
 .text.usart1_recv_idle
                0x080021b0       0x80 build/stm32l4xx_it.o
                0x080021b0                usart1_recv_idle
 .text.LPUART1_IRQHandler
                0x08002230       0x24 build/stm32l4xx_it.o
                0x08002230                LPUART1_IRQHandler
 .text.HAL_MspInit
                0x08002254       0x30 build/stm32l4xx_hal_msp.o
                0x08002254                HAL_MspInit
 .text.HAL_GPIO_EXTI_Callback
                0x08002284       0x6c build/user_gpio.o
                0x08002284                HAL_GPIO_EXTI_Callback
 .text.extend_ic_74hc245_ctrl_lock
                0x080022f0      0x24c build/user_gpio.o
                0x080022f0                extend_ic_74hc245_ctrl_lock
 .text.door_control_index
                0x0800253c      0x174 build/user_gpio.o
                0x0800253c                door_control_index
 .text.read_sn74lvc_statua
                0x080026b0       0xa8 build/user_gpio.o
                0x080026b0                read_sn74lvc_statua
 .text.door_status_index
                0x08002758      0x1cc build/user_gpio.o
                0x08002758                door_status_index
 .text.door_status_refresh
                0x08002924      0x328 build/user_gpio.o
                0x08002924                door_status_refresh
 .text.get_one_good_state_fun
                0x08002c4c      0x304 build/user_gpio.o
                0x08002c4c                get_one_good_state_fun
 .text.get_all_goods_state_fun
                0x08002f50      0x3e0 build/user_gpio.o
                0x08002f50                get_all_goods_state_fun
 .text.__NVIC_SystemReset
                0x08003330       0x24 build/ble_e95.o
 .text.ble_e95_reset
                0x08003354       0x2c build/ble_e95.o
                0x08003354                ble_e95_reset
 .text.xor_check
                0x08003380       0x28 build/ble_e95.o
                0x08003380                xor_check
 .text.ble_load_name
                0x080033a8      0x2a0 build/ble_e95.o
                0x080033a8                ble_load_name
 .text.uart1_response_computer
                0x08003648       0xd0 build/ble_e95.o
                0x08003648                uart1_response_computer
 .text.memcpy_buf_to_strcut
                0x08003718      0x134 build/ble_e95.o
                0x08003718                memcpy_buf_to_strcut
 .text.usart1_recv_data_check
                0x0800384c      0x28c build/ble_e95.o
                0x0800384c                usart1_recv_data_check
 .text.open_multiple_doors_fun
                0x08003ad8       0xf0 build/ble_e95.o
                0x08003ad8                open_multiple_doors_fun
 .text.lis2dh_config_save
                0x08003bc8       0x34 build/ble_e95.o
                0x08003bc8                lis2dh_config_save
 .text.usart1_protocol_handle
                0x08003bfc      0xe24 build/ble_e95.o
                0x08003bfc                usart1_protocol_handle
 .text.ble_e92_set_fun
                0x08004a20      0x264 build/ble_e95.o
                0x08004a20                ble_e92_set_fun
 .text.KeyExpansion
                0x08004c84       0xc8 build/aes.o
 .text.AddRoundKey
                0x08004d4c       0x32 build/aes.o
 *fill*         0x08004d7e        0x2 
 .text.SubBytes
                0x08004d80       0x40 build/aes.o
 .text.ShiftRows
                0x08004dc0       0x32 build/aes.o
 .text.xtime    0x08004df2       0x12 build/aes.o
 .text.MixColumns
                0x08004e04       0x70 build/aes.o
 .text.InvMixColumns
                0x08004e74      0x162 build/aes.o
 *fill*         0x08004fd6        0x2 
 .text.InvSubBytes
                0x08004fd8       0x40 build/aes.o
 .text.InvShiftRows
                0x08005018       0x32 build/aes.o
 .text.Cipher   0x0800504a       0x44 build/aes.o
 .text.InvCipher
                0x0800508e       0x3a build/aes.o
 .text.AES_init_ctx
                0x080050c8        0x8 build/aes.o
                0x080050c8                AES_init_ctx
 .text.AES_ECB_encrypt
                0x080050d0        0xe build/aes.o
                0x080050d0                AES_ECB_encrypt
 .text.AES_ECB_decrypt
                0x080050de        0xe build/aes.o
                0x080050de                AES_ECB_decrypt
 .text.Encrypt  0x080050ec       0x7c build/aes.o
                0x080050ec                Encrypt
 .text.Decrypt  0x08005168       0x60 build/aes.o
                0x08005168                Decrypt
 .text.Spi_Flash_TransmitReveive
                0x080051c8       0x34 build/w25q64.o
                0x080051c8                Spi_Flash_TransmitReveive
 .text.SPI_Flash_SendByte
                0x080051fc        0x8 build/w25q64.o
                0x080051fc                SPI_Flash_SendByte
 .text.SPI_Flash_ReceiveByte
                0x08005204        0xa build/w25q64.o
                0x08005204                SPI_Flash_ReceiveByte
 *fill*         0x0800520e        0x2 
 .text.W25Q16_ReadStatusRegister
                0x08005210       0x34 build/w25q64.o
                0x08005210                W25Q16_ReadStatusRegister
 .text.W25Q16_WriteEnable
                0x08005244       0x28 build/w25q64.o
                0x08005244                W25Q16_WriteEnable
 .text.W25Q16_WaitForWriteEnd
                0x0800526c        0xe build/w25q64.o
                0x0800526c                W25Q16_WaitForWriteEnd
 *fill*         0x0800527a        0x2 
 .text.W25Q16_HighSpeedBufferRead
                0x0800527c       0x5c build/w25q64.o
                0x0800527c                W25Q16_HighSpeedBufferRead
 .text.W25Q16_PageWrite
                0x080052d8       0x60 build/w25q64.o
                0x080052d8                W25Q16_PageWrite
 .text.W25Q16_SectorErase_4KByte
                0x08005338       0x48 build/w25q64.o
                0x08005338                W25Q16_SectorErase_4KByte
 .text.bin_to_bcd
                0x08005380       0x18 build/pcf85263.o
 .text.bcd_to_bin
                0x08005398       0x12 build/pcf85263.o
 *fill*         0x080053aa        0x2 
 .text.pcf85263_write_data
                0x080053ac       0x28 build/pcf85263.o
                0x080053ac                pcf85263_write_data
 .text.pcf85263_read_data
                0x080053d4       0x28 build/pcf85263.o
                0x080053d4                pcf85263_read_data
 .text.pcf85263_query_time
                0x080053fc      0x170 build/pcf85263.o
                0x080053fc                pcf85263_query_time
 .text.pcf85263_set_time
                0x0800556c      0x170 build/pcf85263.o
                0x0800556c                pcf85263_set_time
 .text.pcf85263_config_inta
                0x080056dc       0x78 build/pcf85263.o
                0x080056dc                pcf85263_config_inta
 .text.pcf85263_check_inta
                0x08005754       0x36 build/pcf85263.o
                0x08005754                pcf85263_check_inta
 *fill*         0x0800578a        0x2 
 .text.pcf85263_clear_alarm_flag
                0x0800578c       0x4c build/pcf85263.o
                0x0800578c                pcf85263_clear_alarm_flag
 .text.pcf85263_read_alarm
                0x080057d8      0x108 build/pcf85263.o
                0x080057d8                pcf85263_read_alarm
 .text.pcf85263_set_sw_mode_alarm
                0x080058e0      0x1c8 build/pcf85263.o
                0x080058e0                pcf85263_set_sw_mode_alarm
 .text.Set_HumPin_Output
                0x08005aa8       0x28 build/DHT22.o
                0x08005aa8                Set_HumPin_Output
 .text.Set_HumPin_Input
                0x08005ad0       0x24 build/DHT22.o
                0x08005ad0                Set_HumPin_Input
 .text.delay_us
                0x08005af4       0x16 build/DHT22.o
                0x08005af4                delay_us
 *fill*         0x08005b0a        0x2 
 .text.ReadDht22_8bit
                0x08005b0c       0x70 build/DHT22.o
                0x08005b0c                ReadDht22_8bit
 .text.read_dht22_RH
                0x08005b7c      0x174 build/DHT22.o
                0x08005b7c                read_dht22_RH
 .text.lis2dh_write_data
                0x08005cf0       0x40 build/lis2dh.o
                0x08005cf0                lis2dh_write_data
 .text.lis2dh_read_data
                0x08005d30       0x34 build/lis2dh.o
                0x08005d30                lis2dh_read_data
 .text.lis2dh_set_threshold
                0x08005d64       0x70 build/lis2dh.o
                0x08005d64                lis2dh_set_threshold
 .text.lis2dh_get_threshold
                0x08005dd4       0x24 build/lis2dh.o
                0x08005dd4                lis2dh_get_threshold
 .text.lis2dh_rd_id
                0x08005df8       0x30 build/lis2dh.o
                0x08005df8                lis2dh_rd_id
 .text.get_acc_value
                0x08005e28       0x44 build/lis2dh.o
                0x08005e28                get_acc_value
 .text.filter_acc
                0x08005e6c       0x68 build/lis2dh.o
                0x08005e6c                filter_acc
 *fill*         0x08005ed4        0x4 
 .text.old_angle_calculate
                0x08005ed8      0x1c8 build/lis2dh.o
                0x08005ed8                old_angle_calculate
 .text.lis2dh_init
                0x080060a0       0xd4 build/lis2dh.o
                0x080060a0                lis2dh_init
 *fill*         0x08006174        0x4 
 .text.Tail     0x08006178       0x40 build/zl_math.o
 .text.atani0   0x080061b8      0x158 build/zl_math.o
 .text.atani1   0x08006310      0x15c build/zl_math.o
 *fill*         0x0800646c        0x4 
 .text.atani2   0x08006470      0x148 build/zl_math.o
 .text.atani3   0x080065b8      0x160 build/zl_math.o
 .text.atani4   0x08006718      0x13c build/zl_math.o
 *fill*         0x08006854        0x4 
 .text.atani5   0x08006858      0x128 build/zl_math.o
 .text.sqrt     0x08006980       0xec build/zl_math.o
                0x08006980                sqrt
 .text.pow      0x08006a6c       0x58 build/zl_math.o
                0x08006a6c                pow
 *fill*         0x08006ac4        0x4 
 .text.atan     0x08006ac8      0x308 build/zl_math.o
                0x08006ac8                atan
 .text.HAL_UART_RxCpltCallback
                0x08006dd0       0x4c build/iot.o
                0x08006dd0                HAL_UART_RxCpltCallback
 .text.uart5_recv_data_fun
                0x08006e1c       0x54 build/iot.o
                0x08006e1c                uart5_recv_data_fun
 .text.iot_power_on_ctrl
                0x08006e70       0x38 build/iot.o
                0x08006e70                iot_power_on_ctrl
 .text.iot_power_off_ctrl
                0x08006ea8       0x30 build/iot.o
                0x08006ea8                iot_power_off_ctrl
 .text.nb_http_set_param
                0x08006ed8      0x498 build/iot.o
                0x08006ed8                nb_http_set_param
 .text.receive_nb_data_handle
                0x08007370      0x53c build/iot.o
                0x08007370                receive_nb_data_handle
 .text.HAL_ADC_Init
                0x080078ac      0x200 build/stm32l4xx_hal_adc.o
                0x080078ac                HAL_ADC_Init
 .text.HAL_ADC_PollForConversion
                0x08007aac      0x108 build/stm32l4xx_hal_adc.o
                0x08007aac                HAL_ADC_PollForConversion
 .text.HAL_ADC_GetValue
                0x08007bb4        0x6 build/stm32l4xx_hal_adc.o
                0x08007bb4                HAL_ADC_GetValue
 *fill*         0x08007bba        0x2 
 .text.HAL_ADC_ConfigChannel
                0x08007bbc      0x448 build/stm32l4xx_hal_adc.o
                0x08007bbc                HAL_ADC_ConfigChannel
 .text.ADC_ConversionStop
                0x08008004       0xf8 build/stm32l4xx_hal_adc.o
                0x08008004                ADC_ConversionStop
 .text.ADC_Enable
                0x080080fc       0x90 build/stm32l4xx_hal_adc.o
                0x080080fc                ADC_Enable
 .text.HAL_ADC_Start
                0x0800818c       0xf4 build/stm32l4xx_hal_adc.o
                0x0800818c                HAL_ADC_Start
 .text.ADC_Disable
                0x08008280       0x8a build/stm32l4xx_hal_adc.o
                0x08008280                ADC_Disable
 .text.HAL_ADC_Stop
                0x0800830a       0x42 build/stm32l4xx_hal_adc.o
                0x0800830a                HAL_ADC_Stop
 .text.HAL_InitTick
                0x0800834c       0x50 build/stm32l4xx_hal.o
                0x0800834c                HAL_InitTick
 .text.HAL_Init
                0x0800839c       0x1e build/stm32l4xx_hal.o
                0x0800839c                HAL_Init
 *fill*         0x080083ba        0x2 
 .text.HAL_IncTick
                0x080083bc       0x18 build/stm32l4xx_hal.o
                0x080083bc                HAL_IncTick
 .text.HAL_GetTick
                0x080083d4        0xc build/stm32l4xx_hal.o
                0x080083d4                HAL_GetTick
 .text.HAL_Delay
                0x080083e0       0x28 build/stm32l4xx_hal.o
                0x080083e0                HAL_Delay
 .text.I2C_Flush_TXDR
                0x08008408       0x22 build/stm32l4xx_hal_i2c.o
 .text.I2C_TransferConfig
                0x0800842a       0x36 build/stm32l4xx_hal_i2c.o
 .text.I2C_IsAcknowledgeFailed
                0x08008460       0x90 build/stm32l4xx_hal_i2c.o
 .text.I2C_WaitOnTXISFlagUntilTimeout
                0x080084f0       0x56 build/stm32l4xx_hal_i2c.o
 .text.I2C_WaitOnFlagUntilTimeout
                0x08008546       0x56 build/stm32l4xx_hal_i2c.o
 .text.I2C_RequestMemoryWrite
                0x0800859c       0x7c build/stm32l4xx_hal_i2c.o
 .text.I2C_RequestMemoryRead
                0x08008618       0x78 build/stm32l4xx_hal_i2c.o
 .text.I2C_WaitOnSTOPFlagUntilTimeout
                0x08008690       0x50 build/stm32l4xx_hal_i2c.o
 .text.HAL_I2C_Init
                0x080086e0       0xbc build/stm32l4xx_hal_i2c.o
                0x080086e0                HAL_I2C_Init
 .text.HAL_I2C_Mem_Write
                0x0800879c      0x1a8 build/stm32l4xx_hal_i2c.o
                0x0800879c                HAL_I2C_Mem_Write
 .text.HAL_I2C_Mem_Read
                0x08008944      0x1b0 build/stm32l4xx_hal_i2c.o
                0x08008944                HAL_I2C_Mem_Read
 .text.HAL_I2CEx_ConfigAnalogFilter
                0x08008af4       0x5c build/stm32l4xx_hal_i2c_ex.o
                0x08008af4                HAL_I2CEx_ConfigAnalogFilter
 .text.HAL_I2CEx_ConfigDigitalFilter
                0x08008b50       0x58 build/stm32l4xx_hal_i2c_ex.o
                0x08008b50                HAL_I2CEx_ConfigDigitalFilter
 .text.RCC_SetFlashLatencyFromMSIRange
                0x08008ba8       0x90 build/stm32l4xx_hal_rcc.o
 .text.HAL_RCC_GetSysClockFreq
                0x08008c38       0xb4 build/stm32l4xx_hal_rcc.o
                0x08008c38                HAL_RCC_GetSysClockFreq
 .text.HAL_RCC_OscConfig
                0x08008cec      0x5d4 build/stm32l4xx_hal_rcc.o
                0x08008cec                HAL_RCC_OscConfig
 .text.HAL_RCC_ClockConfig
                0x080092c0      0x15c build/stm32l4xx_hal_rcc.o
                0x080092c0                HAL_RCC_ClockConfig
 .text.HAL_RCC_GetHCLKFreq
                0x0800941c        0xc build/stm32l4xx_hal_rcc.o
                0x0800941c                HAL_RCC_GetHCLKFreq
 .text.HAL_RCC_GetPCLK1Freq
                0x08009428       0x24 build/stm32l4xx_hal_rcc.o
                0x08009428                HAL_RCC_GetPCLK1Freq
 .text.HAL_RCC_GetPCLK2Freq
                0x0800944c       0x24 build/stm32l4xx_hal_rcc.o
                0x0800944c                HAL_RCC_GetPCLK2Freq
 .text.RCCEx_PLLSAI1_Config
                0x08009470      0x170 build/stm32l4xx_hal_rcc_ex.o
 .text.RCCEx_PLLSAI2_Config
                0x080095e0      0x14c build/stm32l4xx_hal_rcc_ex.o
 .text.HAL_RCCEx_PeriphCLKConfig
                0x0800972c      0x418 build/stm32l4xx_hal_rcc_ex.o
                0x0800972c                HAL_RCCEx_PeriphCLKConfig
 .text.HAL_GPIO_Init
                0x08009b44      0x1d4 build/stm32l4xx_hal_gpio.o
                0x08009b44                HAL_GPIO_Init
 .text.HAL_GPIO_ReadPin
                0x08009d18        0xe build/stm32l4xx_hal_gpio.o
                0x08009d18                HAL_GPIO_ReadPin
 .text.HAL_GPIO_WritePin
                0x08009d26        0xa build/stm32l4xx_hal_gpio.o
                0x08009d26                HAL_GPIO_WritePin
 .text.HAL_GPIO_TogglePin
                0x08009d30        0xe build/stm32l4xx_hal_gpio.o
                0x08009d30                HAL_GPIO_TogglePin
 *fill*         0x08009d3e        0x2 
 .text.HAL_GPIO_EXTI_IRQHandler
                0x08009d40       0x1c build/stm32l4xx_hal_gpio.o
                0x08009d40                HAL_GPIO_EXTI_IRQHandler
 .text.DMA_SetConfig
                0x08009d5c       0x30 build/stm32l4xx_hal_dma.o
 .text.HAL_DMA_Init
                0x08009d8c       0xf8 build/stm32l4xx_hal_dma.o
                0x08009d8c                HAL_DMA_Init
 .text.HAL_DMA_Start_IT
                0x08009e84       0x76 build/stm32l4xx_hal_dma.o
                0x08009e84                HAL_DMA_Start_IT
 .text.HAL_DMA_Abort
                0x08009efa       0x4a build/stm32l4xx_hal_dma.o
                0x08009efa                HAL_DMA_Abort
 .text.HAL_DMA_Abort_IT
                0x08009f44       0x50 build/stm32l4xx_hal_dma.o
                0x08009f44                HAL_DMA_Abort_IT
 .text.HAL_DMA_IRQHandler
                0x08009f94       0xc4 build/stm32l4xx_hal_dma.o
                0x08009f94                HAL_DMA_IRQHandler
 .text.HAL_DMA_GetError
                0x0800a058        0x4 build/stm32l4xx_hal_dma.o
                0x0800a058                HAL_DMA_GetError
 .text.HAL_PWREx_GetVoltageRange
                0x0800a05c       0x10 build/stm32l4xx_hal_pwr_ex.o
                0x0800a05c                HAL_PWREx_GetVoltageRange
 .text.HAL_PWREx_ControlVoltageScaling
                0x0800a06c       0x90 build/stm32l4xx_hal_pwr_ex.o
                0x0800a06c                HAL_PWREx_ControlVoltageScaling
 .text.HAL_PWREx_EnableVddIO2
                0x0800a0fc       0x10 build/stm32l4xx_hal_pwr_ex.o
                0x0800a0fc                HAL_PWREx_EnableVddIO2
 .text.HAL_NVIC_SetPriorityGrouping
                0x0800a10c       0x24 build/stm32l4xx_hal_cortex.o
                0x0800a10c                HAL_NVIC_SetPriorityGrouping
 .text.HAL_NVIC_SetPriority
                0x0800a130       0x68 build/stm32l4xx_hal_cortex.o
                0x0800a130                HAL_NVIC_SetPriority
 .text.HAL_NVIC_EnableIRQ
                0x0800a198       0x1c build/stm32l4xx_hal_cortex.o
                0x0800a198                HAL_NVIC_EnableIRQ
 .text.HAL_NVIC_DisableIRQ
                0x0800a1b4       0x24 build/stm32l4xx_hal_cortex.o
                0x0800a1b4                HAL_NVIC_DisableIRQ
 .text.HAL_SYSTICK_Config
                0x0800a1d8       0x2c build/stm32l4xx_hal_cortex.o
                0x0800a1d8                HAL_SYSTICK_Config
 .text.SPI_WaitFlagStateUntilTimeout
                0x0800a204       0x94 build/stm32l4xx_hal_spi.o
 .text.SPI_WaitFifoStateUntilTimeout
                0x0800a298       0xae build/stm32l4xx_hal_spi.o
 .text.SPI_EndRxTxTransaction
                0x0800a346       0x62 build/stm32l4xx_hal_spi.o
 .text.HAL_SPI_Init
                0x0800a3a8       0xb0 build/stm32l4xx_hal_spi.o
                0x0800a3a8                HAL_SPI_Init
 .text.HAL_SPI_TransmitReceive
                0x0800a458      0x2de build/stm32l4xx_hal_spi.o
                0x0800a458                HAL_SPI_TransmitReceive
 *fill*         0x0800a736        0x2 
 .text.TIM_OC1_SetConfig
                0x0800a738       0x9c build/stm32l4xx_hal_tim.o
 .text.TIM_OC3_SetConfig
                0x0800a7d4       0x8c build/stm32l4xx_hal_tim.o
 .text.TIM_OC4_SetConfig
                0x0800a860       0x6c build/stm32l4xx_hal_tim.o
 .text.TIM_OC5_SetConfig
                0x0800a8cc       0x68 build/stm32l4xx_hal_tim.o
 .text.TIM_OC6_SetConfig
                0x0800a934       0x6c build/stm32l4xx_hal_tim.o
 .text.TIM_TI1_ConfigInputStage
                0x0800a9a0       0x24 build/stm32l4xx_hal_tim.o
 .text.TIM_TI2_ConfigInputStage
                0x0800a9c4       0x26 build/stm32l4xx_hal_tim.o
 .text.TIM_ITRx_SetConfig
                0x0800a9ea       0x10 build/stm32l4xx_hal_tim.o
 *fill*         0x0800a9fa        0x2 
 .text.HAL_TIM_Base_Start_IT
                0x0800a9fc       0x2c build/stm32l4xx_hal_tim.o
                0x0800a9fc                HAL_TIM_Base_Start_IT
 .text.HAL_TIM_PWM_MspInit
                0x0800aa28        0x2 build/stm32l4xx_hal_tim.o
                0x0800aa28                HAL_TIM_PWM_MspInit
 .text.HAL_TIM_OC_DelayElapsedCallback
                0x0800aa2a        0x2 build/stm32l4xx_hal_tim.o
                0x0800aa2a                HAL_TIM_OC_DelayElapsedCallback
 .text.HAL_TIM_IC_CaptureCallback
                0x0800aa2c        0x2 build/stm32l4xx_hal_tim.o
                0x0800aa2c                HAL_TIM_IC_CaptureCallback
 .text.HAL_TIM_PWM_PulseFinishedCallback
                0x0800aa2e        0x2 build/stm32l4xx_hal_tim.o
                0x0800aa2e                HAL_TIM_PWM_PulseFinishedCallback
 .text.HAL_TIM_TriggerCallback
                0x0800aa30        0x2 build/stm32l4xx_hal_tim.o
                0x0800aa30                HAL_TIM_TriggerCallback
 .text.HAL_TIM_IRQHandler
                0x0800aa32      0x19a build/stm32l4xx_hal_tim.o
                0x0800aa32                HAL_TIM_IRQHandler
 .text.TIM_Base_SetConfig
                0x0800abcc       0xc8 build/stm32l4xx_hal_tim.o
                0x0800abcc                TIM_Base_SetConfig
 .text.HAL_TIM_Base_Init
                0x0800ac94       0x34 build/stm32l4xx_hal_tim.o
                0x0800ac94                HAL_TIM_Base_Init
 .text.HAL_TIM_PWM_Init
                0x0800acc8       0x34 build/stm32l4xx_hal_tim.o
                0x0800acc8                HAL_TIM_PWM_Init
 .text.TIM_OC2_SetConfig
                0x0800acfc       0x8c build/stm32l4xx_hal_tim.o
                0x0800acfc                TIM_OC2_SetConfig
 .text.HAL_TIM_PWM_ConfigChannel
                0x0800ad88      0x134 build/stm32l4xx_hal_tim.o
                0x0800ad88                HAL_TIM_PWM_ConfigChannel
 .text.TIM_ETR_SetConfig
                0x0800aebc       0x18 build/stm32l4xx_hal_tim.o
                0x0800aebc                TIM_ETR_SetConfig
 .text.HAL_TIM_ConfigClockSource
                0x0800aed4       0xdc build/stm32l4xx_hal_tim.o
                0x0800aed4                HAL_TIM_ConfigClockSource
 .text.TIM_CCxChannelCmd
                0x0800afb0       0x24 build/stm32l4xx_hal_tim.o
                0x0800afb0                TIM_CCxChannelCmd
 .text.HAL_TIM_PWM_Start
                0x0800afd4       0x64 build/stm32l4xx_hal_tim.o
                0x0800afd4                HAL_TIM_PWM_Start
 .text.HAL_TIM_PWM_Stop
                0x0800b038       0x7c build/stm32l4xx_hal_tim.o
                0x0800b038                HAL_TIM_PWM_Stop
 .text.HAL_TIMEx_MasterConfigSynchronization
                0x0800b0b4       0x64 build/stm32l4xx_hal_tim_ex.o
                0x0800b0b4                HAL_TIMEx_MasterConfigSynchronization
 .text.HAL_TIMEx_CommutCallback
                0x0800b118        0x2 build/stm32l4xx_hal_tim_ex.o
                0x0800b118                HAL_TIMEx_CommutCallback
 .text.HAL_TIMEx_BreakCallback
                0x0800b11a        0x2 build/stm32l4xx_hal_tim_ex.o
                0x0800b11a                HAL_TIMEx_BreakCallback
 .text.HAL_TIMEx_Break2Callback
                0x0800b11c        0x2 build/stm32l4xx_hal_tim_ex.o
                0x0800b11c                HAL_TIMEx_Break2Callback
 .text.UART_EndTxTransfer
                0x0800b11e       0x10 build/stm32l4xx_hal_uart.o
 .text.UART_EndRxTransfer
                0x0800b12e       0x1e build/stm32l4xx_hal_uart.o
 .text.HAL_UART_Receive_IT
                0x0800b14c       0xd4 build/stm32l4xx_hal_uart.o
                0x0800b14c                HAL_UART_Receive_IT
 .text.HAL_UART_Receive_DMA
                0x0800b220       0xac build/stm32l4xx_hal_uart.o
                0x0800b220                HAL_UART_Receive_DMA
 .text.HAL_UART_Abort
                0x0800b2cc       0xa6 build/stm32l4xx_hal_uart.o
                0x0800b2cc                HAL_UART_Abort
 .text.HAL_UART_TxCpltCallback
                0x0800b372        0x2 build/stm32l4xx_hal_uart.o
                0x0800b372                HAL_UART_TxCpltCallback
 .text.UART_EndTransmit_IT
                0x0800b374       0x1a build/stm32l4xx_hal_uart.o
 .text.UART_RxISR_8BIT
                0x0800b38e       0x66 build/stm32l4xx_hal_uart.o
 .text.UART_RxISR_16BIT
                0x0800b3f4       0x64 build/stm32l4xx_hal_uart.o
 .text.UART_DMAReceiveCplt
                0x0800b458       0x3e build/stm32l4xx_hal_uart.o
 .text.HAL_UART_RxHalfCpltCallback
                0x0800b496        0x2 build/stm32l4xx_hal_uart.o
                0x0800b496                HAL_UART_RxHalfCpltCallback
 .text.UART_DMARxHalfCplt
                0x0800b498        0xa build/stm32l4xx_hal_uart.o
 .text.HAL_UART_ErrorCallback
                0x0800b4a2        0x2 build/stm32l4xx_hal_uart.o
                0x0800b4a2                HAL_UART_ErrorCallback
 .text.UART_DMAError
                0x0800b4a4       0x50 build/stm32l4xx_hal_uart.o
 .text.HAL_UART_IRQHandler
                0x0800b4f4      0x15c build/stm32l4xx_hal_uart.o
                0x0800b4f4                HAL_UART_IRQHandler
 .text.UART_DMAAbortOnError
                0x0800b650       0x14 build/stm32l4xx_hal_uart.o
 .text.HAL_UART_GetState
                0x0800b664        0x8 build/stm32l4xx_hal_uart.o
                0x0800b664                HAL_UART_GetState
 .text.UART_SetConfig
                0x0800b66c      0x40c build/stm32l4xx_hal_uart.o
                0x0800b66c                UART_SetConfig
 .text.UART_AdvFeatureConfig
                0x0800ba78       0xca build/stm32l4xx_hal_uart.o
                0x0800ba78                UART_AdvFeatureConfig
 .text.UART_WaitOnFlagUntilTimeout
                0x0800bb42       0x64 build/stm32l4xx_hal_uart.o
                0x0800bb42                UART_WaitOnFlagUntilTimeout
 .text.HAL_UART_Transmit
                0x0800bba6       0xd6 build/stm32l4xx_hal_uart.o
                0x0800bba6                HAL_UART_Transmit
 .text.UART_CheckIdleState
                0x0800bc7c       0x6c build/stm32l4xx_hal_uart.o
                0x0800bc7c                UART_CheckIdleState
 .text.HAL_UART_Init
                0x0800bce8       0x62 build/stm32l4xx_hal_uart.o
                0x0800bce8                HAL_UART_Init
 .text.HAL_UARTEx_WakeupCallback
                0x0800bd4a        0x2 build/stm32l4xx_hal_uart_ex.o
                0x0800bd4a                HAL_UARTEx_WakeupCallback
 .text.SystemInit
                0x0800bd4c       0x48 build/system_stm32l4xx.o
                0x0800bd4c                SystemInit
 .text.Reset_Handler
                0x0800bd94       0x50 build/startup_stm32l471xx.o
                0x0800bd94                Reset_Handler
 .text.Default_Handler
                0x0800bde4        0x2 build/startup_stm32l471xx.o
                0x0800bde4                RTC_Alarm_IRQHandler
                0x0800bde4                TIM8_TRG_COM_IRQHandler
                0x0800bde4                TIM8_CC_IRQHandler
                0x0800bde4                TIM1_CC_IRQHandler
                0x0800bde4                TSC_IRQHandler
                0x0800bde4                TAMP_STAMP_IRQHandler
                0x0800bde4                LPTIM2_IRQHandler
                0x0800bde4                DFSDM1_FLT1_IRQHandler
                0x0800bde4                I2C3_ER_IRQHandler
                0x0800bde4                DFSDM1_FLT2_IRQHandler
                0x0800bde4                I2C2_EV_IRQHandler
                0x0800bde4                CAN1_RX0_IRQHandler
                0x0800bde4                FPU_IRQHandler
                0x0800bde4                TIM1_UP_TIM16_IRQHandler
                0x0800bde4                ADC1_2_IRQHandler
                0x0800bde4                SPI1_IRQHandler
                0x0800bde4                TIM8_UP_IRQHandler
                0x0800bde4                DMA2_Channel2_IRQHandler
                0x0800bde4                DMA1_Channel4_IRQHandler
                0x0800bde4                SAI2_IRQHandler
                0x0800bde4                DFSDM1_FLT3_IRQHandler
                0x0800bde4                USART3_IRQHandler
                0x0800bde4                DMA1_Channel7_IRQHandler
                0x0800bde4                CAN1_RX1_IRQHandler
                0x0800bde4                ADC3_IRQHandler
                0x0800bde4                TIM4_IRQHandler
                0x0800bde4                DMA2_Channel1_IRQHandler
                0x0800bde4                QUADSPI_IRQHandler
                0x0800bde4                I2C1_EV_IRQHandler
                0x0800bde4                DMA1_Channel6_IRQHandler
                0x0800bde4                UART4_IRQHandler
                0x0800bde4                DMA2_Channel4_IRQHandler
                0x0800bde4                TIM3_IRQHandler
                0x0800bde4                RCC_IRQHandler
                0x0800bde4                DMA1_Channel1_IRQHandler
                0x0800bde4                Default_Handler
                0x0800bde4                EXTI15_10_IRQHandler
                0x0800bde4                TIM7_IRQHandler
                0x0800bde4                SDMMC1_IRQHandler
                0x0800bde4                I2C3_EV_IRQHandler
                0x0800bde4                RTC_WKUP_IRQHandler
                0x0800bde4                PVD_PVM_IRQHandler
                0x0800bde4                SPI2_IRQHandler
                0x0800bde4                CAN1_TX_IRQHandler
                0x0800bde4                DMA2_Channel5_IRQHandler
                0x0800bde4                DMA1_Channel5_IRQHandler
                0x0800bde4                EXTI4_IRQHandler
                0x0800bde4                RNG_IRQHandler
                0x0800bde4                TIM1_TRG_COM_TIM17_IRQHandler
                0x0800bde4                DMA1_Channel3_IRQHandler
                0x0800bde4                COMP_IRQHandler
                0x0800bde4                WWDG_IRQHandler
                0x0800bde4                DMA2_Channel6_IRQHandler
                0x0800bde4                TIM2_IRQHandler
                0x0800bde4                EXTI1_IRQHandler
                0x0800bde4                USART2_IRQHandler
                0x0800bde4                DFSDM1_FLT0_IRQHandler
                0x0800bde4                I2C2_ER_IRQHandler
                0x0800bde4                DMA1_Channel2_IRQHandler
                0x0800bde4                TIM8_BRK_IRQHandler
                0x0800bde4                CAN1_SCE_IRQHandler
                0x0800bde4                FLASH_IRQHandler
                0x0800bde4                USART1_IRQHandler
                0x0800bde4                SPI3_IRQHandler
                0x0800bde4                I2C1_ER_IRQHandler
                0x0800bde4                FMC_IRQHandler
                0x0800bde4                SWPMI1_IRQHandler
                0x0800bde4                LPTIM1_IRQHandler
                0x0800bde4                SAI1_IRQHandler
                0x0800bde4                DMA2_Channel3_IRQHandler
                0x0800bde4                TIM1_BRK_TIM15_IRQHandler
 *fill*         0x0800bde6        0x2 
 .text.__libc_init_array
                0x0800bde8       0x48 c:/program files (x86)/gnu tools arm embedded/9 2019-q4-major/bin/../lib/gcc/arm-none-eabi/9.2.1/../../../../arm-none-eabi/lib/thumb/v7e-m+fp/hard\libc_nano.a(lib_a-init.o)
                0x0800bde8                __libc_init_array
 .text.memcmp   0x0800be30       0x1c c:/program files (x86)/gnu tools arm embedded/9 2019-q4-major/bin/../lib/gcc/arm-none-eabi/9.2.1/../../../../arm-none-eabi/lib/thumb/v7e-m+fp/hard\libc_nano.a(lib_a-memcmp.o)
                0x0800be30                memcmp
 .text.memcpy   0x0800be4c       0x1c c:/program files (x86)/gnu tools arm embedded/9 2019-q4-major/bin/../lib/gcc/arm-none-eabi/9.2.1/../../../../arm-none-eabi/lib/thumb/v7e-m+fp/hard\libc_nano.a(lib_a-memcpy-stub.o)
                0x0800be4c                memcpy
 .text.memset   0x0800be68       0x10 c:/program files (x86)/gnu tools arm embedded/9 2019-q4-major/bin/../lib/gcc/arm-none-eabi/9.2.1/../../../../arm-none-eabi/lib/thumb/v7e-m+fp/hard\libc_nano.a(lib_a-memset.o)
                0x0800be68                memset
 .text.printf   0x0800be78       0x30 c:/program files (x86)/gnu tools arm embedded/9 2019-q4-major/bin/../lib/gcc/arm-none-eabi/9.2.1/../../../../arm-none-eabi/lib/thumb/v7e-m+fp/hard\libc_nano.a(lib_a-printf.o)
                0x0800be78                iprintf
                0x0800be78                printf
 .text.putchar  0x0800bea8       0x2c c:/program files (x86)/gnu tools arm embedded/9 2019-q4-major/bin/../lib/gcc/arm-none-eabi/9.2.1/../../../../arm-none-eabi/lib/thumb/v7e-m+fp/hard\libc_nano.a(lib_a-putchar.o)
                0x0800bea8                putchar
 .text._puts_r  0x0800bed4       0xdc c:/program files (x86)/gnu tools arm embedded/9 2019-q4-major/bin/../lib/gcc/arm-none-eabi/9.2.1/../../../../arm-none-eabi/lib/thumb/v7e-m+fp/hard\libc_nano.a(lib_a-puts.o)
                0x0800bed4                _puts_r
 .text.puts     0x0800bfb0       0x10 c:/program files (x86)/gnu tools arm embedded/9 2019-q4-major/bin/../lib/gcc/arm-none-eabi/9.2.1/../../../../arm-none-eabi/lib/thumb/v7e-m+fp/hard\libc_nano.a(lib_a-puts.o)
                0x0800bfb0                puts
 .text.sprintf  0x0800bfc0       0x40 c:/program files (x86)/gnu tools arm embedded/9 2019-q4-major/bin/../lib/gcc/arm-none-eabi/9.2.1/../../../../arm-none-eabi/lib/thumb/v7e-m+fp/hard\libc_nano.a(lib_a-sprintf.o)
                0x0800bfc0                siprintf
                0x0800bfc0                sprintf
 .text.strstr   0x0800c000       0x2e c:/program files (x86)/gnu tools arm embedded/9 2019-q4-major/bin/../lib/gcc/arm-none-eabi/9.2.1/../../../../arm-none-eabi/lib/thumb/v7e-m+fp/hard\libc_nano.a(lib_a-strstr.o)
                0x0800c000                strstr
 *fill*         0x0800c02e        0x2 
 .text.__swbuf_r
                0x0800c030       0xa4 c:/program files (x86)/gnu tools arm embedded/9 2019-q4-major/bin/../lib/gcc/arm-none-eabi/9.2.1/../../../../arm-none-eabi/lib/thumb/v7e-m+fp/hard\libc_nano.a(lib_a-wbuf.o)
                0x0800c030                __swbuf_r
 .text.__swsetup_r
                0x0800c0d4       0xdc c:/program files (x86)/gnu tools arm embedded/9 2019-q4-major/bin/../lib/gcc/arm-none-eabi/9.2.1/../../../../arm-none-eabi/lib/thumb/v7e-m+fp/hard\libc_nano.a(lib_a-wsetup.o)
                0x0800c0d4                __swsetup_r
 .text.__sflush_r
                0x0800c1b0      0x10c c:/program files (x86)/gnu tools arm embedded/9 2019-q4-major/bin/../lib/gcc/arm-none-eabi/9.2.1/../../../../arm-none-eabi/lib/thumb/v7e-m+fp/hard\libc_nano.a(lib_a-fflush.o)
                0x0800c1b0                __sflush_r
 .text._fflush_r
                0x0800c2bc       0x78 c:/program files (x86)/gnu tools arm embedded/9 2019-q4-major/bin/../lib/gcc/arm-none-eabi/9.2.1/../../../../arm-none-eabi/lib/thumb/v7e-m+fp/hard\libc_nano.a(lib_a-fflush.o)
                0x0800c2bc                _fflush_r
 .text.std      0x0800c334       0x48 c:/program files (x86)/gnu tools arm embedded/9 2019-q4-major/bin/../lib/gcc/arm-none-eabi/9.2.1/../../../../arm-none-eabi/lib/thumb/v7e-m+fp/hard\libc_nano.a(lib_a-findfp.o)
 .text._cleanup_r
                0x0800c37c        0xc c:/program files (x86)/gnu tools arm embedded/9 2019-q4-major/bin/../lib/gcc/arm-none-eabi/9.2.1/../../../../arm-none-eabi/lib/thumb/v7e-m+fp/hard\libc_nano.a(lib_a-findfp.o)
                0x0800c37c                _cleanup_r
 .text.__sfmoreglue
                0x0800c388       0x2c c:/program files (x86)/gnu tools arm embedded/9 2019-q4-major/bin/../lib/gcc/arm-none-eabi/9.2.1/../../../../arm-none-eabi/lib/thumb/v7e-m+fp/hard\libc_nano.a(lib_a-findfp.o)
                0x0800c388                __sfmoreglue
 .text.__sfp_lock_acquire
                0x0800c3b4        0xc c:/program files (x86)/gnu tools arm embedded/9 2019-q4-major/bin/../lib/gcc/arm-none-eabi/9.2.1/../../../../arm-none-eabi/lib/thumb/v7e-m+fp/hard\libc_nano.a(lib_a-findfp.o)
                0x0800c3b4                __sfp_lock_acquire
 .text.__sfp_lock_release
                0x0800c3c0        0xc c:/program files (x86)/gnu tools arm embedded/9 2019-q4-major/bin/../lib/gcc/arm-none-eabi/9.2.1/../../../../arm-none-eabi/lib/thumb/v7e-m+fp/hard\libc_nano.a(lib_a-findfp.o)
                0x0800c3c0                __sfp_lock_release
 .text.__sinit_lock_acquire
                0x0800c3cc        0xc c:/program files (x86)/gnu tools arm embedded/9 2019-q4-major/bin/../lib/gcc/arm-none-eabi/9.2.1/../../../../arm-none-eabi/lib/thumb/v7e-m+fp/hard\libc_nano.a(lib_a-findfp.o)
                0x0800c3cc                __sinit_lock_acquire
 .text.__sinit_lock_release
                0x0800c3d8        0xc c:/program files (x86)/gnu tools arm embedded/9 2019-q4-major/bin/../lib/gcc/arm-none-eabi/9.2.1/../../../../arm-none-eabi/lib/thumb/v7e-m+fp/hard\libc_nano.a(lib_a-findfp.o)
                0x0800c3d8                __sinit_lock_release
 .text.__sinit  0x0800c3e4       0x70 c:/program files (x86)/gnu tools arm embedded/9 2019-q4-major/bin/../lib/gcc/arm-none-eabi/9.2.1/../../../../arm-none-eabi/lib/thumb/v7e-m+fp/hard\libc_nano.a(lib_a-findfp.o)
                0x0800c3e4                __sinit
 .text.__sfp    0x0800c454       0x8c c:/program files (x86)/gnu tools arm embedded/9 2019-q4-major/bin/../lib/gcc/arm-none-eabi/9.2.1/../../../../arm-none-eabi/lib/thumb/v7e-m+fp/hard\libc_nano.a(lib_a-findfp.o)
                0x0800c454                __sfp
 .text._fwalk_reent
                0x0800c4e0       0x3e c:/program files (x86)/gnu tools arm embedded/9 2019-q4-major/bin/../lib/gcc/arm-none-eabi/9.2.1/../../../../arm-none-eabi/lib/thumb/v7e-m+fp/hard\libc_nano.a(lib_a-fwalk.o)
                0x0800c4e0                _fwalk_reent
 .text.__retarget_lock_init_recursive
                0x0800c51e        0x2 c:/program files (x86)/gnu tools arm embedded/9 2019-q4-major/bin/../lib/gcc/arm-none-eabi/9.2.1/../../../../arm-none-eabi/lib/thumb/v7e-m+fp/hard\libc_nano.a(lib_a-lock.o)
                0x0800c51e                __retarget_lock_init_recursive
 .text.__retarget_lock_acquire_recursive
                0x0800c520        0x2 c:/program files (x86)/gnu tools arm embedded/9 2019-q4-major/bin/../lib/gcc/arm-none-eabi/9.2.1/../../../../arm-none-eabi/lib/thumb/v7e-m+fp/hard\libc_nano.a(lib_a-lock.o)
                0x0800c520                __retarget_lock_acquire_recursive
 .text.__retarget_lock_release_recursive
                0x0800c522        0x2 c:/program files (x86)/gnu tools arm embedded/9 2019-q4-major/bin/../lib/gcc/arm-none-eabi/9.2.1/../../../../arm-none-eabi/lib/thumb/v7e-m+fp/hard\libc_nano.a(lib_a-lock.o)
                0x0800c522                __retarget_lock_release_recursive
 .text.__swhatbuf_r
                0x0800c524       0x48 c:/program files (x86)/gnu tools arm embedded/9 2019-q4-major/bin/../lib/gcc/arm-none-eabi/9.2.1/../../../../arm-none-eabi/lib/thumb/v7e-m+fp/hard\libc_nano.a(lib_a-makebuf.o)
                0x0800c524                __swhatbuf_r
 .text.__smakebuf_r
                0x0800c56c       0x80 c:/program files (x86)/gnu tools arm embedded/9 2019-q4-major/bin/../lib/gcc/arm-none-eabi/9.2.1/../../../../arm-none-eabi/lib/thumb/v7e-m+fp/hard\libc_nano.a(lib_a-makebuf.o)
                0x0800c56c                __smakebuf_r
 .text._free_r  0x0800c5ec       0xa0 c:/program files (x86)/gnu tools arm embedded/9 2019-q4-major/bin/../lib/gcc/arm-none-eabi/9.2.1/../../../../arm-none-eabi/lib/thumb/v7e-m+fp/hard\libc_nano.a(lib_a-nano-freer.o)
                0x0800c5ec                _free_r
 .text._malloc_r
                0x0800c68c       0xb4 c:/program files (x86)/gnu tools arm embedded/9 2019-q4-major/bin/../lib/gcc/arm-none-eabi/9.2.1/../../../../arm-none-eabi/lib/thumb/v7e-m+fp/hard\libc_nano.a(lib_a-nano-mallocr.o)
                0x0800c68c                _malloc_r
 .text.__ssputs_r
                0x0800c740       0xb6 c:/program files (x86)/gnu tools arm embedded/9 2019-q4-major/bin/../lib/gcc/arm-none-eabi/9.2.1/../../../../arm-none-eabi/lib/thumb/v7e-m+fp/hard\libc_nano.a(lib_a-nano-svfprintf.o)
                0x0800c740                __ssputs_r
 *fill*         0x0800c7f6        0x2 
 .text._svfprintf_r
                0x0800c7f8      0x200 c:/program files (x86)/gnu tools arm embedded/9 2019-q4-major/bin/../lib/gcc/arm-none-eabi/9.2.1/../../../../arm-none-eabi/lib/thumb/v7e-m+fp/hard\libc_nano.a(lib_a-nano-svfprintf.o)
                0x0800c7f8                _svfiprintf_r
                0x0800c7f8                _svfprintf_r
 .text.__sfputc_r
                0x0800c9f8       0x2e c:/program files (x86)/gnu tools arm embedded/9 2019-q4-major/bin/../lib/gcc/arm-none-eabi/9.2.1/../../../../arm-none-eabi/lib/thumb/v7e-m+fp/hard\libc_nano.a(lib_a-nano-vfprintf.o)
 .text.__sfputs_r
                0x0800ca26       0x24 c:/program files (x86)/gnu tools arm embedded/9 2019-q4-major/bin/../lib/gcc/arm-none-eabi/9.2.1/../../../../arm-none-eabi/lib/thumb/v7e-m+fp/hard\libc_nano.a(lib_a-nano-vfprintf.o)
                0x0800ca26                __sfputs_r
 *fill*         0x0800ca4a        0x2 
 .text._vfprintf_r
                0x0800ca4c      0x260 c:/program files (x86)/gnu tools arm embedded/9 2019-q4-major/bin/../lib/gcc/arm-none-eabi/9.2.1/../../../../arm-none-eabi/lib/thumb/v7e-m+fp/hard\libc_nano.a(lib_a-nano-vfprintf.o)
                0x0800ca4c                _vfprintf_r
                0x0800ca4c                _vfiprintf_r
 .text._printf_common
                0x0800ccac       0xda c:/program files (x86)/gnu tools arm embedded/9 2019-q4-major/bin/../lib/gcc/arm-none-eabi/9.2.1/../../../../arm-none-eabi/lib/thumb/v7e-m+fp/hard\libc_nano.a(lib_a-nano-vfprintf_i.o)
                0x0800ccac                _printf_common
 *fill*         0x0800cd86        0x2 
 .text._printf_i
                0x0800cd88      0x24c c:/program files (x86)/gnu tools arm embedded/9 2019-q4-major/bin/../lib/gcc/arm-none-eabi/9.2.1/../../../../arm-none-eabi/lib/thumb/v7e-m+fp/hard\libc_nano.a(lib_a-nano-vfprintf_i.o)
                0x0800cd88                _printf_i
 .text._putc_r  0x0800cfd4       0x90 c:/program files (x86)/gnu tools arm embedded/9 2019-q4-major/bin/../lib/gcc/arm-none-eabi/9.2.1/../../../../arm-none-eabi/lib/thumb/v7e-m+fp/hard\libc_nano.a(lib_a-putc.o)
                0x0800cfd4                _putc_r
 .text._sbrk_r  0x0800d064       0x20 c:/program files (x86)/gnu tools arm embedded/9 2019-q4-major/bin/../lib/gcc/arm-none-eabi/9.2.1/../../../../arm-none-eabi/lib/thumb/v7e-m+fp/hard\libc_nano.a(lib_a-sbrkr.o)
                0x0800d064                _sbrk_r
 .text.__sread  0x0800d084       0x22 c:/program files (x86)/gnu tools arm embedded/9 2019-q4-major/bin/../lib/gcc/arm-none-eabi/9.2.1/../../../../arm-none-eabi/lib/thumb/v7e-m+fp/hard\libc_nano.a(lib_a-stdio.o)
                0x0800d084                __sread
 .text.__swrite
                0x0800d0a6       0x38 c:/program files (x86)/gnu tools arm embedded/9 2019-q4-major/bin/../lib/gcc/arm-none-eabi/9.2.1/../../../../arm-none-eabi/lib/thumb/v7e-m+fp/hard\libc_nano.a(lib_a-stdio.o)
                0x0800d0a6                __swrite
 .text.__sseek  0x0800d0de       0x24 c:/program files (x86)/gnu tools arm embedded/9 2019-q4-major/bin/../lib/gcc/arm-none-eabi/9.2.1/../../../../arm-none-eabi/lib/thumb/v7e-m+fp/hard\libc_nano.a(lib_a-stdio.o)
                0x0800d0de                __sseek
 .text.__sclose
                0x0800d102        0x8 c:/program files (x86)/gnu tools arm embedded/9 2019-q4-major/bin/../lib/gcc/arm-none-eabi/9.2.1/../../../../arm-none-eabi/lib/thumb/v7e-m+fp/hard\libc_nano.a(lib_a-stdio.o)
                0x0800d102                __sclose
 *fill*         0x0800d10a        0x2 
 .text._write_r
                0x0800d10c       0x24 c:/program files (x86)/gnu tools arm embedded/9 2019-q4-major/bin/../lib/gcc/arm-none-eabi/9.2.1/../../../../arm-none-eabi/lib/thumb/v7e-m+fp/hard\libc_nano.a(lib_a-writer.o)
                0x0800d10c                _write_r
 .text._close_r
                0x0800d130       0x20 c:/program files (x86)/gnu tools arm embedded/9 2019-q4-major/bin/../lib/gcc/arm-none-eabi/9.2.1/../../../../arm-none-eabi/lib/thumb/v7e-m+fp/hard\libc_nano.a(lib_a-closer.o)
                0x0800d130                _close_r
 .text._fstat_r
                0x0800d150       0x24 c:/program files (x86)/gnu tools arm embedded/9 2019-q4-major/bin/../lib/gcc/arm-none-eabi/9.2.1/../../../../arm-none-eabi/lib/thumb/v7e-m+fp/hard\libc_nano.a(lib_a-fstatr.o)
                0x0800d150                _fstat_r
 .text._isatty_r
                0x0800d174       0x20 c:/program files (x86)/gnu tools arm embedded/9 2019-q4-major/bin/../lib/gcc/arm-none-eabi/9.2.1/../../../../arm-none-eabi/lib/thumb/v7e-m+fp/hard\libc_nano.a(lib_a-isattyr.o)
                0x0800d174                _isatty_r
 .text._lseek_r
                0x0800d194       0x24 c:/program files (x86)/gnu tools arm embedded/9 2019-q4-major/bin/../lib/gcc/arm-none-eabi/9.2.1/../../../../arm-none-eabi/lib/thumb/v7e-m+fp/hard\libc_nano.a(lib_a-lseekr.o)
                0x0800d194                _lseek_r
 .text.memmove  0x0800d1b8       0x34 c:/program files (x86)/gnu tools arm embedded/9 2019-q4-major/bin/../lib/gcc/arm-none-eabi/9.2.1/../../../../arm-none-eabi/lib/thumb/v7e-m+fp/hard\libc_nano.a(lib_a-memmove.o)
                0x0800d1b8                memmove
 .text.__malloc_lock
                0x0800d1ec        0xc c:/program files (x86)/gnu tools arm embedded/9 2019-q4-major/bin/../lib/gcc/arm-none-eabi/9.2.1/../../../../arm-none-eabi/lib/thumb/v7e-m+fp/hard\libc_nano.a(lib_a-mlock.o)
                0x0800d1ec                __malloc_lock
 .text.__malloc_unlock
                0x0800d1f8        0xc c:/program files (x86)/gnu tools arm embedded/9 2019-q4-major/bin/../lib/gcc/arm-none-eabi/9.2.1/../../../../arm-none-eabi/lib/thumb/v7e-m+fp/hard\libc_nano.a(lib_a-mlock.o)
                0x0800d1f8                __malloc_unlock
 .text._realloc_r
                0x0800d204       0x4c c:/program files (x86)/gnu tools arm embedded/9 2019-q4-major/bin/../lib/gcc/arm-none-eabi/9.2.1/../../../../arm-none-eabi/lib/thumb/v7e-m+fp/hard\libc_nano.a(lib_a-nano-reallocr.o)
                0x0800d204                _realloc_r
 .text._read_r  0x0800d250       0x24 c:/program files (x86)/gnu tools arm embedded/9 2019-q4-major/bin/../lib/gcc/arm-none-eabi/9.2.1/../../../../arm-none-eabi/lib/thumb/v7e-m+fp/hard\libc_nano.a(lib_a-readr.o)
                0x0800d250                _read_r
 .text._malloc_usable_size_r
                0x0800d274       0x10 c:/program files (x86)/gnu tools arm embedded/9 2019-q4-major/bin/../lib/gcc/arm-none-eabi/9.2.1/../../../../arm-none-eabi/lib/thumb/v7e-m+fp/hard\libc_nano.a(lib_a-nano-msizer.o)
                0x0800d274                _malloc_usable_size_r
 .text._close   0x0800d284       0x10 c:/program files (x86)/gnu tools arm embedded/9 2019-q4-major/bin/../lib/gcc/arm-none-eabi/9.2.1/../../../../arm-none-eabi/lib/thumb/v7e-m+fp/hard\libnosys.a(close.o)
                0x0800d284                _close
 .text._fstat   0x0800d294       0x10 c:/program files (x86)/gnu tools arm embedded/9 2019-q4-major/bin/../lib/gcc/arm-none-eabi/9.2.1/../../../../arm-none-eabi/lib/thumb/v7e-m+fp/hard\libnosys.a(fstat.o)
                0x0800d294                _fstat
 .text._isatty  0x0800d2a4       0x10 c:/program files (x86)/gnu tools arm embedded/9 2019-q4-major/bin/../lib/gcc/arm-none-eabi/9.2.1/../../../../arm-none-eabi/lib/thumb/v7e-m+fp/hard\libnosys.a(isatty.o)
                0x0800d2a4                _isatty
 .text._lseek   0x0800d2b4       0x10 c:/program files (x86)/gnu tools arm embedded/9 2019-q4-major/bin/../lib/gcc/arm-none-eabi/9.2.1/../../../../arm-none-eabi/lib/thumb/v7e-m+fp/hard\libnosys.a(lseek.o)
                0x0800d2b4                _lseek
 .text._read    0x0800d2c4       0x10 c:/program files (x86)/gnu tools arm embedded/9 2019-q4-major/bin/../lib/gcc/arm-none-eabi/9.2.1/../../../../arm-none-eabi/lib/thumb/v7e-m+fp/hard\libnosys.a(read.o)
                0x0800d2c4                _read
 .text._sbrk    0x0800d2d4       0x1c c:/program files (x86)/gnu tools arm embedded/9 2019-q4-major/bin/../lib/gcc/arm-none-eabi/9.2.1/../../../../arm-none-eabi/lib/thumb/v7e-m+fp/hard\libnosys.a(sbrk.o)
                0x0800d2d4                _sbrk
 *(.glue_7)
 .glue_7        0x0800d2f0        0x0 linker stubs
 *(.glue_7t)
 .glue_7t       0x0800d2f0        0x0 linker stubs
 *(.eh_frame)
 .eh_frame      0x0800d2f0        0x0 c:/program files (x86)/gnu tools arm embedded/9 2019-q4-major/bin/../lib/gcc/arm-none-eabi/9.2.1/thumb/v7e-m+fp/hard/crtbegin.o
 *(.init)
 .init          0x0800d2f0        0x4 c:/program files (x86)/gnu tools arm embedded/9 2019-q4-major/bin/../lib/gcc/arm-none-eabi/9.2.1/thumb/v7e-m+fp/hard/crti.o
                0x0800d2f0                _init
 .init          0x0800d2f4        0x8 c:/program files (x86)/gnu tools arm embedded/9 2019-q4-major/bin/../lib/gcc/arm-none-eabi/9.2.1/thumb/v7e-m+fp/hard/crtn.o
 *(.fini)
 .fini          0x0800d2fc        0x4 c:/program files (x86)/gnu tools arm embedded/9 2019-q4-major/bin/../lib/gcc/arm-none-eabi/9.2.1/thumb/v7e-m+fp/hard/crti.o
                0x0800d2fc                _fini
 .fini          0x0800d300        0x8 c:/program files (x86)/gnu tools arm embedded/9 2019-q4-major/bin/../lib/gcc/arm-none-eabi/9.2.1/thumb/v7e-m+fp/hard/crtn.o
                0x0800d308                . = ALIGN (0x8)
                0x0800d308                _etext = .

.vfp11_veneer   0x0800d308        0x0
 .vfp11_veneer  0x0800d308        0x0 linker stubs

.v4_bx          0x0800d308        0x0
 .v4_bx         0x0800d308        0x0 linker stubs

.iplt           0x0800d308        0x0
 .iplt          0x0800d308        0x0 c:/program files (x86)/gnu tools arm embedded/9 2019-q4-major/bin/../lib/gcc/arm-none-eabi/9.2.1/thumb/v7e-m+fp/hard/crtbegin.o

.rodata         0x0800d308     0x1608
                0x0800d308                . = ALIGN (0x8)
 *(.rodata)
 .rodata        0x0800d308       0x10 build/pcf85263.o
 *(.rodata*)
 .rodata.low_voltage_check.str1.4
                0x0800d318        0xd build/main.o
 *fill*         0x0800d325        0x3 
 .rodata.iot_http_get_process.str1.4
                0x0800d328       0x54 build/main.o
 .rodata.main.str1.4
                0x0800d37c       0x68 build/main.o
 .rodata.ar_resp_iot_test_fail
                0x0800d3e4       0x1b build/main.o
                0x0800d3e4                ar_resp_iot_test_fail
 *fill*         0x0800d3ff        0x1 
 .rodata.ar_resp_iot_test_success
                0x0800d400       0x1b build/main.o
                0x0800d400                ar_resp_iot_test_success
 *fill*         0x0800d41b        0x1 
 .rodata.HAL_GPIO_EXTI_Callback.str1.4
                0x0800d41c       0x49 build/user_gpio.o
 *fill*         0x0800d465        0x3 
 .rodata.extend_ic_74hc245_ctrl_lock.str1.4
                0x0800d468       0x47 build/user_gpio.o
 *fill*         0x0800d4af        0x1 
 .rodata.door_control_index.str1.4
                0x0800d4b0       0x46 build/user_gpio.o
 *fill*         0x0800d4f6        0x2 
 .rodata.door_status_index.str1.4
                0x0800d4f8        0xf build/user_gpio.o
 *fill*         0x0800d507        0x1 
 .rodata.get_one_good_state_fun.str1.4
                0x0800d508       0x1a build/user_gpio.o
 *fill*         0x0800d522        0x2 
 .rodata.ble_load_name.str1.4
                0x0800d524      0x124 build/ble_e95.o
 .rodata.uart1_response_computer.str1.4
                0x0800d648       0x1d build/ble_e95.o
 *fill*         0x0800d665        0x3 
 .rodata.memcpy_buf_to_strcut.str1.4
                0x0800d668       0x6b build/ble_e95.o
 *fill*         0x0800d6d3        0x1 
 .rodata.usart1_recv_data_check.str1.4
                0x0800d6d4      0x2e2 build/ble_e95.o
 *fill*         0x0800d9b6        0x2 
 .rodata.open_multiple_doors_fun.str1.4
                0x0800d9b8       0x28 build/ble_e95.o
 .rodata.usart1_protocol_handle.str1.4
                0x0800d9e0      0x3cc build/ble_e95.o
                                0x3e0 (size before relaxing)
 .rodata.ble_e92_set_fun.str1.4
                0x0800ddac       0xe8 build/ble_e95.o
 .rodata.aes_key
                0x0800de94       0x10 build/ble_e95.o
                0x0800de94                aes_key
 .rodata.ar_e95_get_model
                0x0800dea4        0x5 build/ble_e95.o
                0x0800dea4                ar_e95_get_model
 *fill*         0x0800dea9        0x3 
 .rodata.Rcon   0x0800deac        0xb build/aes.o
 *fill*         0x0800deb7        0x1 
 .rodata.rsbox  0x0800deb8      0x100 build/aes.o
 .rodata.sbox   0x0800dfb8      0x100 build/aes.o
 .rodata.pcf85263_query_time.str1.4
                0x0800e0b8       0xdd build/pcf85263.o
 *fill*         0x0800e195        0x3 
 .rodata.pcf85263_set_time.str1.4
                0x0800e198       0x26 build/pcf85263.o
                                 0x2c (size before relaxing)
 *fill*         0x0800e1be        0x2 
 .rodata.pcf85263_set_alarm.str1.4
                0x0800e1c0       0x6d build/pcf85263.o
 *fill*         0x0800e22d        0x3 
 .rodata.pcf85263_clear_alarm_flag.str1.4
                0x0800e230       0x11 build/pcf85263.o
                                 0x25 (size before relaxing)
 *fill*         0x0800e241        0x3 
 .rodata.pcf85263_read_alarm.str1.4
                0x0800e244       0x33 build/pcf85263.o
 *fill*         0x0800e277        0x1 
 .rodata.pcf85263_set_sw_mode_alarm.str1.4
                0x0800e278       0x48 build/pcf85263.o
 .rodata.read_dht22_RH.str1.4
                0x0800e2c0       0x17 build/DHT22.o
 *fill*         0x0800e2d7        0x1 
 .rodata.lis2dh_write_data.str1.4
                0x0800e2d8       0x36 build/lis2dh.o
 *fill*         0x0800e30e        0x2 
 .rodata.lis2dh_read_data.str1.4
                0x0800e310       0x19 build/lis2dh.o
 *fill*         0x0800e329        0x3 
 .rodata.lis2dh_set_threshold.str1.4
                0x0800e32c       0x47 build/lis2dh.o
 *fill*         0x0800e373        0x1 
 .rodata.lis2dh_get_threshold.str1.4
                0x0800e374       0x20 build/lis2dh.o
 .rodata.lis2dh_rd_id.str1.4
                0x0800e394       0x11 build/lis2dh.o
 *fill*         0x0800e3a5        0x3 
 .rodata.lis2dh_init.str1.4
                0x0800e3a8       0x17 build/lis2dh.o
 *fill*         0x0800e3bf        0x1 
 .rodata.test.str1.4
                0x0800e3c0       0x74 build/iot.o
 .rodata.nb_http_set_param.str1.4
                0x0800e434      0x11d build/iot.o
                                0x125 (size before relaxing)
 *fill*         0x0800e551        0x3 
 .rodata.receive_nb_data_handle.str1.4
                0x0800e554      0x2af build/iot.o
 *fill*         0x0800e803        0x1 
 .rodata.ar_nb_cops
                0x0800e804        0xa build/iot.o
                0x0800e804                ar_nb_cops
 *fill*         0x0800e80e        0x2 
 .rodata.ar_nb_cpin
                0x0800e810        0xa build/iot.o
                0x0800e810                ar_nb_cpin
 *fill*         0x0800e81a        0x2 
 .rodata.ar_nb_uart_connect
                0x0800e81c        0x4 build/iot.o
                0x0800e81c                ar_nb_uart_connect
 .rodata.ar_start_http_service
                0x0800e820        0xe build/iot.o
                0x0800e820                ar_start_http_service
 *fill*         0x0800e82e        0x2 
 .rodata.AHBPrescTable
                0x0800e830       0x10 build/system_stm32l4xx.o
                0x0800e830                AHBPrescTable
 .rodata.APBPrescTable
                0x0800e840        0x8 build/system_stm32l4xx.o
                0x0800e840                APBPrescTable
 .rodata.MSIRangeTable
                0x0800e848       0x30 build/system_stm32l4xx.o
                0x0800e848                MSIRangeTable
 .rodata._global_impure_ptr
                0x0800e878        0x4 c:/program files (x86)/gnu tools arm embedded/9 2019-q4-major/bin/../lib/gcc/arm-none-eabi/9.2.1/../../../../arm-none-eabi/lib/thumb/v7e-m+fp/hard\libc_nano.a(lib_a-impure.o)
                0x0800e878                _global_impure_ptr
 .rodata.__sf_fake_stderr
                0x0800e87c       0x20 c:/program files (x86)/gnu tools arm embedded/9 2019-q4-major/bin/../lib/gcc/arm-none-eabi/9.2.1/../../../../arm-none-eabi/lib/thumb/v7e-m+fp/hard\libc_nano.a(lib_a-findfp.o)
                0x0800e87c                __sf_fake_stderr
 .rodata.__sf_fake_stdin
                0x0800e89c       0x20 c:/program files (x86)/gnu tools arm embedded/9 2019-q4-major/bin/../lib/gcc/arm-none-eabi/9.2.1/../../../../arm-none-eabi/lib/thumb/v7e-m+fp/hard\libc_nano.a(lib_a-findfp.o)
                0x0800e89c                __sf_fake_stdin
 .rodata.__sf_fake_stdout
                0x0800e8bc       0x20 c:/program files (x86)/gnu tools arm embedded/9 2019-q4-major/bin/../lib/gcc/arm-none-eabi/9.2.1/../../../../arm-none-eabi/lib/thumb/v7e-m+fp/hard\libc_nano.a(lib_a-findfp.o)
                0x0800e8bc                __sf_fake_stdout
 .rodata._svfprintf_r.str1.1
                0x0800e8dc       0x11 c:/program files (x86)/gnu tools arm embedded/9 2019-q4-major/bin/../lib/gcc/arm-none-eabi/9.2.1/../../../../arm-none-eabi/lib/thumb/v7e-m+fp/hard\libc_nano.a(lib_a-nano-svfprintf.o)
 .rodata._vfprintf_r.str1.1
                0x0800e8ed       0x11 c:/program files (x86)/gnu tools arm embedded/9 2019-q4-major/bin/../lib/gcc/arm-none-eabi/9.2.1/../../../../arm-none-eabi/lib/thumb/v7e-m+fp/hard\libc_nano.a(lib_a-nano-vfprintf.o)
 .rodata._printf_i.str1.1
                0x0800e8ed       0x22 c:/program files (x86)/gnu tools arm embedded/9 2019-q4-major/bin/../lib/gcc/arm-none-eabi/9.2.1/../../../../arm-none-eabi/lib/thumb/v7e-m+fp/hard\libc_nano.a(lib_a-nano-vfprintf_i.o)
                0x0800e910                . = ALIGN (0x8)
 *fill*         0x0800e90f        0x1 

.ARM.extab      0x0800e910        0x0
                0x0800e910                . = ALIGN (0x8)
 *(.ARM.extab* .gnu.linkonce.armextab.*)
                0x0800e910                . = ALIGN (0x8)

.ARM            0x0800e910        0x8
                0x0800e910                . = ALIGN (0x8)
                0x0800e910                __exidx_start = .
 *(.ARM.exidx*)
 .ARM.exidx     0x0800e910        0x8 c:/program files (x86)/gnu tools arm embedded/9 2019-q4-major/bin/../lib/gcc/arm-none-eabi/9.2.1/thumb/v7e-m+fp/hard\libgcc.a(_udivmoddi4.o)
                0x0800e918                __exidx_end = .
                0x0800e918                . = ALIGN (0x8)

.rel.dyn        0x0800e918        0x0
 .rel.iplt      0x0800e918        0x0 c:/program files (x86)/gnu tools arm embedded/9 2019-q4-major/bin/../lib/gcc/arm-none-eabi/9.2.1/thumb/v7e-m+fp/hard/crtbegin.o

.preinit_array  0x0800e918        0x0
                0x0800e918                . = ALIGN (0x8)
                0x0800e918                PROVIDE (__preinit_array_start = .)
 *(.preinit_array*)
                0x0800e918                PROVIDE (__preinit_array_end = .)
                0x0800e918                . = ALIGN (0x8)

.init_array     0x0800e918        0x8
                0x0800e918                . = ALIGN (0x8)
                0x0800e918                PROVIDE (__init_array_start = .)
 *(SORT_BY_NAME(.init_array.*))
 *(.init_array*)
 .init_array    0x0800e918        0x4 c:/program files (x86)/gnu tools arm embedded/9 2019-q4-major/bin/../lib/gcc/arm-none-eabi/9.2.1/thumb/v7e-m+fp/hard/crtbegin.o
                0x0800e91c                PROVIDE (__init_array_end = .)
                0x0800e920                . = ALIGN (0x8)
 *fill*         0x0800e91c        0x4 

.fini_array     0x0800e920        0x8
                0x0800e920                . = ALIGN (0x8)
                [!provide]                PROVIDE (__fini_array_start = .)
 *(SORT_BY_NAME(.fini_array.*))
 *(.fini_array*)
 .fini_array    0x0800e920        0x4 c:/program files (x86)/gnu tools arm embedded/9 2019-q4-major/bin/../lib/gcc/arm-none-eabi/9.2.1/thumb/v7e-m+fp/hard/crtbegin.o
                [!provide]                PROVIDE (__fini_array_end = .)
                0x0800e928                . = ALIGN (0x8)
 *fill*         0x0800e924        0x4 
                0x0800e928                _sidata = LOADADDR (.data)

.data           0x20000000     0x4700 load address 0x0800e928
                0x20000000                . = ALIGN (0x8)
                0x20000000                _sdata = .
 *(.data)
 *(.data*)
 .data.__8k_wav
                0x20000000     0x44f6 build/tim.o
                0x20000000                __8k_wav
 *fill*         0x200044f6        0x2 
 .data.data_cnt
                0x200044f8        0x4 build/tim.o
                0x200044f8                data_cnt
 .data.ar_ble_name_buf
                0x200044fc       0x14 build/ble_e95.o
                0x200044fc                ar_ble_name_buf
 .data.ar_sn_num
                0x20004510       0x24 build/ble_e95.o
                0x20004510                ar_sn_num
 .data.ar_software_ver
                0x20004534        0xe build/ble_e95.o
                0x20004534                ar_software_ver
 .data.g_alarm_set_num
                0x20004542        0x1 build/ble_e95.o
                0x20004542                g_alarm_set_num
 .data.g_e95_start_init
                0x20004543        0x1 build/ble_e95.o
                0x20004543                g_e95_start_init
 *fill*         0x20004544        0x4 
 .data.Tiny     0x20004548        0x8 build/zl_math.o
 .data.ar_get_http_server
                0x20004550       0x96 build/iot.o
                0x20004550                ar_get_http_server
 *fill*         0x200045e6        0x2 
 .data.ar_goods_status
                0x200045e8       0x19 build/iot.o
                0x200045e8                ar_goods_status
 *fill*         0x20004601        0x3 
 .data.ar_nb_connnect_china_mobile
                0x20004604       0x46 build/iot.o
                0x20004604                ar_nb_connnect_china_mobile
 *fill*         0x2000464a        0x2 
 .data.ar_network
                0x2000464c       0x32 build/iot.o
                0x2000464c                ar_network
 *fill*         0x2000467e        0x2 
 .data.ar_voltage_status
                0x20004680        0xe build/iot.o
                0x20004680                ar_voltage_status
 *fill*         0x2000468e        0x2 
 .data.uwTickFreq
                0x20004690        0x4 build/stm32l4xx_hal.o
                0x20004690                uwTickFreq
 .data.uwTickPrio
                0x20004694        0x4 build/stm32l4xx_hal.o
                0x20004694                uwTickPrio
 .data.SystemCoreClock
                0x20004698        0x4 build/system_stm32l4xx.o
                0x20004698                SystemCoreClock
 .data._impure_ptr
                0x2000469c        0x4 c:/program files (x86)/gnu tools arm embedded/9 2019-q4-major/bin/../lib/gcc/arm-none-eabi/9.2.1/../../../../arm-none-eabi/lib/thumb/v7e-m+fp/hard\libc_nano.a(lib_a-impure.o)
                0x2000469c                _impure_ptr
 .data.impure_data
                0x200046a0       0x60 c:/program files (x86)/gnu tools arm embedded/9 2019-q4-major/bin/../lib/gcc/arm-none-eabi/9.2.1/../../../../arm-none-eabi/lib/thumb/v7e-m+fp/hard\libc_nano.a(lib_a-impure.o)
                0x20004700                . = ALIGN (0x8)
                0x20004700                _edata = .

.igot.plt       0x20004700        0x0 load address 0x08013028
 .igot.plt      0x20004700        0x0 c:/program files (x86)/gnu tools arm embedded/9 2019-q4-major/bin/../lib/gcc/arm-none-eabi/9.2.1/thumb/v7e-m+fp/hard/crtbegin.o
                0x20004700                . = ALIGN (0x4)

.bss            0x20004700      0xc80 load address 0x08013028
                0x20004700                _sbss = .
                0x20004700                __bss_start__ = _sbss
 *(.bss)
 .bss           0x20004700       0x1c c:/program files (x86)/gnu tools arm embedded/9 2019-q4-major/bin/../lib/gcc/arm-none-eabi/9.2.1/thumb/v7e-m+fp/hard/crtbegin.o
 *(.bss*)
 .bss.default_rtc_alarm_time
                0x2000471c        0x8 build/main.o
                0x2000471c                default_rtc_alarm_time
 .bss.g_alarm_cnt
                0x20004724        0x1 build/main.o
                0x20004724                g_alarm_cnt
 .bss.g_iot_first_send_cmd
                0x20004725        0x1 build/main.o
                0x20004725                g_iot_first_send_cmd
 .bss.g_iot_power_on_cnt
                0x20004726        0x1 build/main.o
                0x20004726                g_iot_power_on_cnt
 .bss.g_iot_power_on_delay
                0x20004727        0x1 build/main.o
                0x20004727                g_iot_power_on_delay
 .bss.g_iot_power_on_delay_cnt
                0x20004728        0x2 build/main.o
                0x20004728                g_iot_power_on_delay_cnt
 .bss.g_iot_wakeup_flag
                0x2000472a        0x1 build/main.o
                0x2000472a                g_iot_wakeup_flag
 .bss.g_start_http_flag
                0x2000472b        0x1 build/main.o
                0x2000472b                g_start_http_flag
 .bss.rtc_read_alarm
                0x2000472c        0x1 build/main.o
                0x2000472c                rtc_read_alarm
 *fill*         0x2000472d        0x3 
 .bss.ar_get_voltage_value
                0x20004730        0x4 build/adc.o
                0x20004730                ar_get_voltage_value
 .bss.g_ble_disconnect_flag
                0x20004734        0x1 build/tim.o
                0x20004734                g_ble_disconnect_flag
 *fill*         0x20004735        0x1 
 .bss.g_led_tick
                0x20004736        0x2 build/tim.o
                0x20004736                g_led_tick
 .bss.g_min_voltage_flag
                0x20004738        0x1 build/tim.o
                0x20004738                g_min_voltage_flag
 .bss.g_unlock_flag
                0x20004739        0x1 build/tim.o
                0x20004739                g_unlock_flag
 .bss.g_unlock_tick
                0x2000473a        0x2 build/tim.o
                0x2000473a                g_unlock_tick
 .bss.g_voltage_check_flag
                0x2000473c        0x1 build/tim.o
                0x2000473c                g_voltage_check_flag
 *fill*         0x2000473d        0x1 
 .bss.g_voltage_check_tick
                0x2000473e        0x2 build/tim.o
                0x2000473e                g_voltage_check_tick
 .bss.time      0x20004740        0x4 build/tim.o
                0x20004740                time
 .bss.g_all_goods_status
                0x20004744        0x3 build/user_gpio.o
                0x20004744                g_all_goods_status
 *fill*         0x20004747        0x1 
 .bss.g_ble_connect_count
                0x20004748        0x4 build/user_gpio.o
                0x20004748                g_ble_connect_count
 .bss.g_ble_connect_flag
                0x2000474c        0x1 build/user_gpio.o
                0x2000474c                g_ble_connect_flag
 *fill*         0x2000474d        0x3 
 .bss.g_door_stat
                0x20004750        0x3 build/user_gpio.o
                0x20004750                g_door_stat
 *fill*         0x20004753        0x1 
 .bss.g_item_stat
                0x20004754       0x18 build/user_gpio.o
                0x20004754                g_item_stat
 .bss.g_lock_number
                0x2000476c        0x1 build/user_gpio.o
                0x2000476c                g_lock_number
 .bss.g_lock_open_flag
                0x2000476d        0x1 build/user_gpio.o
                0x2000476d                g_lock_open_flag
 .bss.g_open_luck_time
                0x2000476e        0x2 build/user_gpio.o
                0x2000476e                g_open_luck_time
 .bss.g_rtc_alarm_flag
                0x20004770        0x1 build/user_gpio.o
                0x20004770                g_rtc_alarm_flag
 *fill*         0x20004771        0x3 
 .bss.g_stdoor_stat
                0x20004774       0x18 build/user_gpio.o
                0x20004774                g_stdoor_stat
 .bss.ar_ble_decrypt_buf
                0x2000478c       0x40 build/ble_e95.o
                0x2000478c                ar_ble_decrypt_buf
 .bss.ar_ble_model
                0x200047cc       0x14 build/ble_e95.o
                0x200047cc                ar_ble_model
 .bss.ar_open_slot_num
                0x200047e0        0x3 build/ble_e95.o
                0x200047e0                ar_open_slot_num
 *fill*         0x200047e3        0x1 
 .bss.ar_response_buffer
                0x200047e4       0xff build/ble_e95.o
                0x200047e4                ar_response_buffer
 *fill*         0x200048e3        0x1 
 .bss.ar_set_boardcast_params
                0x200048e4        0x6 build/ble_e95.o
                0x200048e4                ar_set_boardcast_params
 *fill*         0x200048ea        0x2 
 .bss.ar_set_name_params
                0x200048ec       0x18 build/ble_e95.o
                0x200048ec                ar_set_name_params
 .bss.ar_set_transmit_power
                0x20004904        0x5 build/ble_e95.o
                0x20004904                ar_set_transmit_power
 *fill*         0x20004909        0x3 
 .bss.ar_sn_buf
                0x2000490c       0x26 build/ble_e95.o
                0x2000490c                ar_sn_buf
 *fill*         0x20004932        0x2 
 .bss.ar_usart1_rx_buffer
                0x20004934       0xff build/ble_e95.o
                0x20004934                ar_usart1_rx_buffer
 *fill*         0x20004a33        0x1 
 .bss.ar_usart1_tx_buffer
                0x20004a34       0xff build/ble_e95.o
                0x20004a34                ar_usart1_tx_buffer
 .bss.g_ble_boardcost_time
                0x20004b33        0x1 build/ble_e95.o
                0x20004b33                g_ble_boardcost_time
 .bss.g_ble_e92_cmd
                0x20004b34        0x1 build/ble_e95.o
                0x20004b34                g_ble_e92_cmd
 .bss.g_ble_e95_work_mode
                0x20004b35        0x1 build/ble_e95.o
                0x20004b35                g_ble_e95_work_mode
 .bss.g_ble_name_len
                0x20004b36        0x1 build/ble_e95.o
                0x20004b36                g_ble_name_len
 .bss.g_ble_transmit_power
                0x20004b37        0x1 build/ble_e95.o
                0x20004b37                g_ble_transmit_power
 .bss.g_current_step
                0x20004b38        0x1 build/ble_e95.o
                0x20004b38                g_current_step
 .bss.g_iot_start_test
                0x20004b39        0x1 build/ble_e95.o
                0x20004b39                g_iot_start_test
 .bss.g_open_multiple_doors_num
                0x20004b3a        0x1 build/ble_e95.o
                0x20004b3a                g_open_multiple_doors_num
 .bss.g_open_one_door_flag
                0x20004b3b        0x1 build/ble_e95.o
                0x20004b3b                g_open_one_door_flag
 .bss.g_package_num
                0x20004b3c        0x1 build/ble_e95.o
                0x20004b3c                g_package_num
 .bss.g_read_dht22_flag
                0x20004b3d        0x1 build/ble_e95.o
                0x20004b3d                g_read_dht22_flag
 .bss.g_send_cmd_cnt
                0x20004b3e        0x1 build/ble_e95.o
                0x20004b3e                g_send_cmd_cnt
 *fill*         0x20004b3f        0x1 
 .bss.g_set_param_count
                0x20004b40        0x2 build/ble_e95.o
                0x20004b40                g_set_param_count
 .bss.g_set_param_timeout_flag
                0x20004b42        0x1 build/ble_e95.o
                0x20004b42                g_set_param_timeout_flag
 .bss.g_set_step
                0x20004b43        0x1 build/ble_e95.o
                0x20004b43                g_set_step
 .bss.g_sn_data_len
                0x20004b44        0x1 build/ble_e95.o
                0x20004b44                g_sn_data_len
 *fill*         0x20004b45        0x1 
 .bss.g_start_open_door_cnt
                0x20004b46        0x2 build/ble_e95.o
                0x20004b46                g_start_open_door_cnt
 .bss.g_start_open_door_flag
                0x20004b48        0x1 build/ble_e95.o
                0x20004b48                g_start_open_door_flag
 .bss.g_usart1_rx_finish
                0x20004b49        0x1 build/ble_e95.o
                0x20004b49                g_usart1_rx_finish
 .bss.g_usart1_tx_len
                0x20004b4a        0x1 build/ble_e95.o
                0x20004b4a                g_usart1_tx_len
 *fill*         0x20004b4b        0x1 
 .bss.lis2dh_config_t
                0x20004b4c        0x4 build/ble_e95.o
 .bss.new_protocol_fram
                0x20004b50      0x112 build/ble_e95.o
                0x20004b50                new_protocol_fram
 .bss.U8RH_data_H
                0x20004c62        0x1 build/DHT22.o
                0x20004c62                U8RH_data_H
 .bss.U8RH_data_L
                0x20004c63        0x1 build/DHT22.o
                0x20004c63                U8RH_data_L
 .bss.U8T_data_H
                0x20004c64        0x1 build/DHT22.o
                0x20004c64                U8T_data_H
 .bss.U8T_data_L
                0x20004c65        0x1 build/DHT22.o
                0x20004c65                U8T_data_L
 .bss.g_hump    0x20004c66        0x2 build/DHT22.o
                0x20004c66                g_hump
 .bss.g_temp    0x20004c68        0x2 build/DHT22.o
                0x20004c68                g_temp
 *fill*         0x20004c6a        0x2 
 .bss.ar_usart5_rx_buffer
                0x20004c6c      0x100 build/iot.o
                0x20004c6c                ar_usart5_rx_buffer
 .bss.ar_usart5_tx_buffer
                0x20004d6c      0x100 build/iot.o
                0x20004d6c                ar_usart5_tx_buffer
 .bss.g_nb_ctrl_step
                0x20004e6c        0x1 build/iot.o
                0x20004e6c                g_nb_ctrl_step
 .bss.g_nb_curren_step
                0x20004e6d        0x1 build/iot.o
                0x20004e6d                g_nb_curren_step
 .bss.g_nb_send_cmd_cnt
                0x20004e6e        0x1 build/iot.o
                0x20004e6e                g_nb_send_cmd_cnt
 *fill*         0x20004e6f        0x1 
 .bss.g_nb_send_cmd_overtime
                0x20004e70        0x2 build/iot.o
                0x20004e70                g_nb_send_cmd_overtime
 .bss.g_nb_send_cmd_star_time
                0x20004e72        0x1 build/iot.o
                0x20004e72                g_nb_send_cmd_star_time
 .bss.g_network_len
                0x20004e73        0x1 build/iot.o
                0x20004e73                g_network_len
 .bss.g_uart5_receive_finish
                0x20004e74        0x1 build/iot.o
                0x20004e74                g_uart5_receive_finish
 .bss.g_uart5_tick
                0x20004e75        0x1 build/iot.o
                0x20004e75                g_uart5_tick
 *fill*         0x20004e76        0x2 
 .bss.g_uart_tmp5
                0x20004e78        0x2 build/iot.o
                0x20004e78                g_uart_tmp5
 .bss.g_usart5_rx_finish
                0x20004e7a        0x1 build/iot.o
                0x20004e7a                g_usart5_rx_finish
 .bss.g_usart5_tx_len
                0x20004e7b        0x1 build/iot.o
                0x20004e7b                g_usart5_tx_len
 .bss.__malloc_free_list
                0x20004e7c        0x4 c:/program files (x86)/gnu tools arm embedded/9 2019-q4-major/bin/../lib/gcc/arm-none-eabi/9.2.1/../../../../arm-none-eabi/lib/thumb/v7e-m+fp/hard\libc_nano.a(lib_a-nano-mallocr.o)
                0x20004e7c                __malloc_free_list
 .bss.__malloc_sbrk_start
                0x20004e80        0x4 c:/program files (x86)/gnu tools arm embedded/9 2019-q4-major/bin/../lib/gcc/arm-none-eabi/9.2.1/../../../../arm-none-eabi/lib/thumb/v7e-m+fp/hard\libc_nano.a(lib_a-nano-mallocr.o)
                0x20004e80                __malloc_sbrk_start
 .bss.heap_end.5507
                0x20004e84        0x4 c:/program files (x86)/gnu tools arm embedded/9 2019-q4-major/bin/../lib/gcc/arm-none-eabi/9.2.1/../../../../arm-none-eabi/lib/thumb/v7e-m+fp/hard\libnosys.a(sbrk.o)
 *(COMMON)
 COMMON         0x20004e88        0x8 build/main.o
                0x20004e88                rtc_read_time
 COMMON         0x20004e90       0x64 build/adc.o
                0x20004e90                hadc3
 COMMON         0x20004ef4       0x4c build/i2c.o
                0x20004ef4                hi2c3
 COMMON         0x20004f40       0x64 build/spi.o
                0x20004f40                hspi1
 COMMON         0x20004fa4       0x80 build/tim.o
                0x20004fa4                htim5
                0x20004fe4                htim6
 COMMON         0x20005024      0x210 build/usart.o
                0x20005024                hlpuart1
                0x200050a4                huart5
                0x20005124                huart2
                0x200051a4                hdma_uart5_rx
                0x200051ec                hdma_lpuart_rx
 COMMON         0x20005234      0x136 build/ble_e95.o
                0x20005234                aes_test
                0x200052f4                get_rtc_date_time
                0x200052fc                rec_rtc_count_time
                0x20005304                acc_sample
                0x20005318                set_rtc_date_time
                0x20005320                acc_data
 *fill*         0x2000536a        0x2 
 COMMON         0x2000536c        0x4 build/stm32l4xx_hal.o
                0x2000536c                uwTick
 COMMON         0x20005370        0x9 c:/program files (x86)/gnu tools arm embedded/9 2019-q4-major/bin/../lib/gcc/arm-none-eabi/9.2.1/../../../../arm-none-eabi/lib/thumb/v7e-m+fp/hard\libc_nano.a(lib_a-lock.o)
                0x20005370                __lock___atexit_recursive_mutex
                0x20005371                __lock___arc4random_mutex
                0x20005372                __lock___env_recursive_mutex
                0x20005373                __lock___sinit_recursive_mutex
                0x20005374                __lock___malloc_recursive_mutex
                0x20005375                __lock___at_quick_exit_mutex
                0x20005376                __lock___dd_hash_mutex
                0x20005377                __lock___tz_mutex
                0x20005378                __lock___sfp_recursive_mutex
 *fill*         0x20005379        0x3 
 COMMON         0x2000537c        0x4 c:/program files (x86)/gnu tools arm embedded/9 2019-q4-major/bin/../lib/gcc/arm-none-eabi/9.2.1/../../../../arm-none-eabi/lib/thumb/v7e-m+fp/hard\libc_nano.a(lib_a-reent.o)
                0x2000537c                errno
                0x20005380                . = ALIGN (0x4)
                0x20005380                _ebss = .
                0x20005380                __bss_end__ = _ebss

._user_heap_stack
                0x20005380      0x600 load address 0x08013028
                0x20005380                . = ALIGN (0x8)
                0x20005380                PROVIDE (end = .)
                [!provide]                PROVIDE (_end = .)
                0x20005580                . = (. + _Min_Heap_Size)
 *fill*         0x20005380      0x200 
                0x20005980                . = (. + _Min_Stack_Size)
 *fill*         0x20005580      0x400 
                0x20005980                . = ALIGN (0x8)

/DISCARD/
 libc.a(*)
 libm.a(*)
 libgcc.a(*)

.ARM.attributes
                0x00000000       0x30
 *(.ARM.attributes)